Archive member included because of file (symbol)

C:\Users\J\Desktop\Repetier_Cosmos_V_1.7\Repetier_Cosmos_V_1.7\build\/core_mega2560_16.a(main.cpp.o)
                              c:/users/j/desktop/codeblocks-arduino-20140626/codeblocks/bin/../lib/gcc/avr/4.3.3/../../../../avr/lib/avr6/crtm2560.o (main)
C:\Users\J\Desktop\Repetier_Cosmos_V_1.7\Repetier_Cosmos_V_1.7\build\/core_mega2560_16.a(new.cpp.o)
                              build\HAL.o (operator delete(void*))
C:\Users\J\Desktop\Repetier_Cosmos_V_1.7\Repetier_Cosmos_V_1.7\build\/core_mega2560_16.a(Print.cpp.o)
                              build\HAL.o (Print::write(unsigned char const*, unsigned int))
C:\Users\J\Desktop\Repetier_Cosmos_V_1.7\Repetier_Cosmos_V_1.7\build\/core_mega2560_16.a(wiring.c.o)
                              build\Commands.o (millis)
C:\Users\J\Desktop\Repetier_Cosmos_V_1.7\Repetier_Cosmos_V_1.7\build\/core_mega2560_16.a(wiring_analog.c.o)
                              build\Commands.o (analogWrite)
C:\Users\J\Desktop\Repetier_Cosmos_V_1.7\Repetier_Cosmos_V_1.7\build\/core_mega2560_16.a(wiring_digital.c.o)
                              build\Commands.o (pinMode)
C:\Users\J\Desktop\Repetier_Cosmos_V_1.7\Repetier_Cosmos_V_1.7\build\/core_mega2560_16.a(WString.cpp.o)
                              C:\Users\J\Desktop\Repetier_Cosmos_V_1.7\Repetier_Cosmos_V_1.7\build\/core_mega2560_16.a(Print.cpp.o) (String::operator[](unsigned int) const)
c:/users/j/desktop/codeblocks-arduino-20140626/codeblocks/bin/../lib/gcc/avr/4.3.3/../../../../avr/lib/avr6\libm.a(addsf3.o)
                              build\Commands.o (__subsf3)
c:/users/j/desktop/codeblocks-arduino-20140626/codeblocks/bin/../lib/gcc/avr/4.3.3/../../../../avr/lib/avr6\libm.a(addsf3x.o)
                              c:/users/j/desktop/codeblocks-arduino-20140626/codeblocks/bin/../lib/gcc/avr/4.3.3/../../../../avr/lib/avr6\libm.a(addsf3.o) (__addsf3x)
c:/users/j/desktop/codeblocks-arduino-20140626/codeblocks/bin/../lib/gcc/avr/4.3.3/../../../../avr/lib/avr6\libm.a(atan2.o)
                              build\motion.o (atan2)
c:/users/j/desktop/codeblocks-arduino-20140626/codeblocks/bin/../lib/gcc/avr/4.3.3/../../../../avr/lib/avr6\libm.a(atan.o)
                              c:/users/j/desktop/codeblocks-arduino-20140626/codeblocks/bin/../lib/gcc/avr/4.3.3/../../../../avr/lib/avr6\libm.a(atan2.o) (atan)
c:/users/j/desktop/codeblocks-arduino-20140626/codeblocks/bin/../lib/gcc/avr/4.3.3/../../../../avr/lib/avr6\libm.a(cmpsf2.o)
                              build\Commands.o (__eqsf2)
c:/users/j/desktop/codeblocks-arduino-20140626/codeblocks/bin/../lib/gcc/avr/4.3.3/../../../../avr/lib/avr6\libm.a(cos.o)
                              build\motion.o (cos)
c:/users/j/desktop/codeblocks-arduino-20140626/codeblocks/bin/../lib/gcc/avr/4.3.3/../../../../avr/lib/avr6\libm.a(divsf3.o)
                              build\Commands.o (__divsf3)
c:/users/j/desktop/codeblocks-arduino-20140626/codeblocks/bin/../lib/gcc/avr/4.3.3/../../../../avr/lib/avr6\libm.a(divsf3x.o)
                              c:/users/j/desktop/codeblocks-arduino-20140626/codeblocks/bin/../lib/gcc/avr/4.3.3/../../../../avr/lib/avr6\libm.a(divsf3.o) (__divsf3x)
c:/users/j/desktop/codeblocks-arduino-20140626/codeblocks/bin/../lib/gcc/avr/4.3.3/../../../../avr/lib/avr6\libm.a(fixsfsi.o)
                              build\Commands.o (__fixsfsi)
c:/users/j/desktop/codeblocks-arduino-20140626/codeblocks/bin/../lib/gcc/avr/4.3.3/../../../../avr/lib/avr6\libm.a(fixunssfsi.o)
                              build\Communication.o (__fixunssfsi)
c:/users/j/desktop/codeblocks-arduino-20140626/codeblocks/bin/../lib/gcc/avr/4.3.3/../../../../avr/lib/avr6\libm.a(floatsisf.o)
                              build\Communication.o (__floatunsisf)
c:/users/j/desktop/codeblocks-arduino-20140626/codeblocks/bin/../lib/gcc/avr/4.3.3/../../../../avr/lib/avr6\libm.a(floor.o)
                              build\motion.o (floor)
c:/users/j/desktop/codeblocks-arduino-20140626/codeblocks/bin/../lib/gcc/avr/4.3.3/../../../../avr/lib/avr6\libm.a(fp_cmp.o)
                              c:/users/j/desktop/codeblocks-arduino-20140626/codeblocks/bin/../lib/gcc/avr/4.3.3/../../../../avr/lib/avr6\libm.a(cmpsf2.o) (__fp_cmp)
c:/users/j/desktop/codeblocks-arduino-20140626/codeblocks/bin/../lib/gcc/avr/4.3.3/../../../../avr/lib/avr6\libm.a(fp_inf.o)
                              c:/users/j/desktop/codeblocks-arduino-20140626/codeblocks/bin/../lib/gcc/avr/4.3.3/../../../../avr/lib/avr6\libm.a(addsf3x.o) (__fp_inf)
c:/users/j/desktop/codeblocks-arduino-20140626/codeblocks/bin/../lib/gcc/avr/4.3.3/../../../../avr/lib/avr6\libm.a(fp_mintl.o)
                              c:/users/j/desktop/codeblocks-arduino-20140626/codeblocks/bin/../lib/gcc/avr/4.3.3/../../../../avr/lib/avr6\libm.a(floor.o) (__fp_mintl)
[...]
Memory Configuration

Name             Origin             Length             Attributes
text             0x00000000         0x00100000         xr
data             0x00800200         0x0000fe00         rw !x
eeprom           0x00810000         0x00010000         rw !x
fuse             0x00820000         0x00000400         rw !x
lock             0x00830000         0x00000400         rw !x
signature        0x00840000         0x00000400         rw !x
*default*        0x00000000         0xffffffff

Linker script and memory map

Address of section .data set to 0x800200
LOAD c:/users/j/desktop/codeblocks-arduino-20140626/codeblocks/bin/../lib/gcc/avr/4.3.3/../../../../avr/lib/avr6/crtm2560.o
LOAD build\Commands.o
LOAD build\Communication.o
LOAD build\Drivers.o
LOAD build\Eeprom.o
LOAD build\Extruder.o
LOAD build\gcode.o
LOAD build\HAL.o
LOAD build\motion.o
LOAD build\Printer.o
LOAD build\Repetier_Cosmos_V_1.7.o
LOAD build\SDCard.o
LOAD build\SdFat.o
LOAD build\ui.o
LOAD C:\Users\J\Desktop\Repetier_Cosmos_V_1.7\Repetier_Cosmos_V_1.7\build\/lib_mega2560_16.a
LOAD C:\Users\J\Desktop\Repetier_Cosmos_V_1.7\Repetier_Cosmos_V_1.7\build\/core_mega2560_16.a
LOAD c:/users/j/desktop/codeblocks-arduino-20140626/codeblocks/bin/../lib/gcc/avr/4.3.3/../../../../avr/lib/avr6\libm.a
LOAD c:/users/j/desktop/codeblocks-arduino-20140626/codeblocks/bin/../lib/gcc/avr/4.3.3/avr6\libgcc.a
LOAD c:/users/j/desktop/codeblocks-arduino-20140626/codeblocks/bin/../lib/gcc/avr/4.3.3/../../../../avr/lib/avr6\libc.a
LOAD c:/users/j/desktop/codeblocks-arduino-20140626/codeblocks/bin/../lib/gcc/avr/4.3.3/avr6\libgcc.a

.hash
 *(.hash)

.dynsym
 *(.dynsym)

.dynstr
 *(.dynstr)

.gnu.version
 *(.gnu.version)

.gnu.version_d
 *(.gnu.version_d)

.gnu.version_r
 *(.gnu.version_r)

.rel.init
 *(.rel.init)

.rela.init
 *(.rela.init)

.rel.text
 *(.rel.text)
 *(.rel.text.*)
 *(.rel.gnu.linkonce.t*)

.rela.text
 *(.rela.text)
 *(.rela.text.*)
 *(.rela.gnu.linkonce.t*)

.rel.fini
 *(.rel.fini)

.rela.fini
 *(.rela.fini)

.rel.rodata
 *(.rel.rodata)
 *(.rel.rodata.*)
 *(.rel.gnu.linkonce.r*)

.rela.rodata
 *(.rela.rodata)
 *(.rela.rodata.*)
 *(.rela.gnu.linkonce.r*)

.rel.data
 *(.rel.data)
 *(.rel.data.*)
 *(.rel.gnu.linkonce.d*)

.rela.data
 *(.rela.data)
 *(.rela.data.*)
 *(.rela.gnu.linkonce.d*)

.rel.ctors
 *(.rel.ctors)

.rela.ctors
 *(.rela.ctors)

.rel.dtors
 *(.rel.dtors)

.rela.dtors
 *(.rela.dtors)

.rel.got
 *(.rel.got)

.rela.got
 *(.rela.got)

.rel.bss
 *(.rel.bss)

.rela.bss
 *(.rela.bss)

.rel.plt
 *(.rel.plt)

.rela.plt
 *(.rela.plt)

.text           0x00000000    0x1f312
 *(.vectors)
 .vectors       0x00000000       0xe4 c:/users/j/desktop/codeblocks-arduino-20140626/codeblocks/bin/../lib/gcc/avr/4.3.3/../../../../avr/lib/avr6/crtm2560.o
                0x00000000                __vectors
                0x00000000                __vector_default
 *(.vectors)
 *(.progmem.gcc*)
 .progmem.gcc_sw_table
                0x000000e4       0xa2 build\gcode.o
 .progmem.gcc_fplib
                0x00000186       0x2d c:/users/j/desktop/codeblocks-arduino-20140626/codeblocks/bin/../lib/gcc/avr/4.3.3/../../../../avr/lib/avr6\libm.a(atan.o)
 .progmem.gcc_fplib
                0x000001b3       0x1e c:/users/j/desktop/codeblocks-arduino-20140626/codeblocks/bin/../lib/gcc/avr/4.3.3/../../../../avr/lib/avr6\libm.a(fp_sinus.o)
 *(.progmem*)
 .progmem.data  0x000001d1      0x1a7 build\Commands.o
                0x000002eb                Printer::setAutoretract(unsigned char)::__c
                0x000002f8                Printer::setColdExtrusionAllowed(unsigned char)::__c
                0x00000329                Printer::setDebugJam(unsigned char)::__c
                0x00000312                Printer::setColdExtrusionAllowed(unsigned char)::__c
                0x00000338                Printer::setJamcontrolDisabled(unsigned char)::__c
 .progmem.data  0x00000378      0xe9a build\Communication.o
                0x00001030                Com::tOpenFailedFile
                0x00000583                Com::tColon
                0x000004b2                Com::tI
                0x0000045d                Com::tWrongChecksum
                0x000004ea                Com::tBLK
                0x00001204                Com::tConfig
                0x00000852                Com::tTempSensorWorking
                0x000006d1                Com::tExtruderJam
                0x00000e85                Com::tEPRDGain
                0x00000fef                Com::tFileSelected
                0x00000b93                Com::tEPRYHomingFeedrate
                0x00000dc1                Com::tEPRStepsPerMM
                0x0000052b                Com::tSoftwareReset
                0x00000f5c                Com::tEPRAdvanceK
                0x00000761                Com::tAPIDClassic
                0x00001044                Com::tWritingToFile
                0x00001056                Com::tDoneSavingFile
                0x0000053a                Com::tUnknownCommand
                0x0000068f                Com::tQuadraticStepsColon
                0x00001085                Com::tDirectoryCreated
                0x0000051c                Com::tWatchdog
                0x000008a0                Com::tAutolevelEnabled
                0x0000120c                Com::tExtrDot
                0x00000568                Com::tTColon
                0x00000828                Com::tHeatedBed
                0x000006de                Com::tFilamentSlipping
                0x00000ffd                Com::tFileOpenFailed
                0x000004a3                Com::tZ
                0x00000df9                Com::tEPRAcceleration
                0x000005f5                Com::tComma
                0x0000049d                Com::tX
                0x00000bec                Com::tEPRYAcceleration
                0x0000055c                Com::tSpaceYColon
                0x00000659                Com::tZMinColon
                0x0000085c                Com::tDryModeUntilRestart
                0x00000e64                Com::tEPRUnused
                0x00000c92                Com::tEPROPSMode
                0x00000603                Com::tE1Colon
                0x00000a7f                Com::tEPRZMaxLength
                0x00000d68                Com::tEPRBedPIDDriveMin
                0x000005e9                Com::tInvalidArc
                0x00000680                Com::tLinearStepsColon
                0x000004bb                Com::tSDReadError
                0x000011ee                Com::tEPRRetractionUndoSpeed
                0x00000fcd                Com::tEndFileList
                0x000005e4                Com::tSpaceMin
                0x00001068                Com::tFileDeleted
                0x00000e3e                Com::tEPRPGain
                0x000004ef                Com::tStart
                0x0000057e                Com::tSpaceRaw
                0x00001020                Com::tNotSDPrinting
                0x00000cbe                Com::tEPROPSMoveAfter
                0x00000a05                Com::tEPRStopAfterInactivty
                0x00000a6d                Com::tEPRYMaxLength
                0x00000ec8                Com::tEPRZOffset
                0x00000558                Com::tSpaceXColon
                0x00000e30                Com::tEPRDriveMin
                0x000005fc                Com::tZColon
                0x00000711                Com::tTargetExtr
                0x00000442                Com::tWarning
                0x00001075                Com::tDeletionFailed
                0x000004b5                Com::tJ
                0x0000119d                Com::tEPRRetractionUndoExtraLength
                0x00000d98                Com::tEPRBedDGain
                0x00000889                Com::tAutolevelReset
                0x00000672                Com::tJerkColon
                0x00000f6e                Com::tEPRAdvanceL
                0x00000f3e                Com::tEPRExtruderCoolerSpeed
                0x000009a8                Com::tEPR2
                0x00000cdc                Com::tEPROPSMinDistance
                0x000009af                Com::tEPR3
                0x00000f8c                Com::tSDInserted
                0x00000f18                Com::tEPRDistanceRetractHeating
                0x00000da7                Com::tEPRBedPISMaxValue
                0x000006aa                Com::tEEPROMUpdated
                0x0000048a                Com::tDonePrinting
                0x000005f7                Com::tSpace
                0x00000bcf                Com::tEPRXAcceleration
                0x000006f0                Com::tPauseCommunication
                0x00001130                Com::tEPRRetractionLength
                0x00000e7a                Com::tEPRIGain
                0x00000ea6                Com::tEPRXOffset
                0x00000833                Com::tExtruderSpace
                0x00000755                Com::tAPIDKu
                0x00000b0d                Com::tEPRZStepsPerMM
                0x00001147                Com::tEPRRetractionLongLength
                0x00000660                Com::tZMaxColon
                0x00000976                Com::tEPRProtocolChanged
                0x00000453                Com::tEcho
                0x00000c26                Com::tEPRXTravelAcceleration
                0x000007a9                Com::tAPIDFailedTimeout
                0x00000fdb                Com::tFileOpened
                0x0000100e                Com::tSDPrintingByte
                0x00000c4a                Com::tEPRYTravelAcceleration
                0x0000058a                Com::tSpeedMultiply
                0x000006c3                Com::tQuadraticKColon
                0x00000431                Com::tINF
                0x00000c09                Com::tEPRZAcceleration
                0x00000d7a                Com::tEPRBedPGain
                0x0000042d                Com::tNAN
                0x000008fe                Com::tZProbePrinterHeight
                0x00000a5b                Com::tEPRXMaxLength
                0x0000046c                Com::tMissingChecksum
                0x00000e22                Com::tEPRDriveMax
                0x000010c6                Com::tHeaterDecoupledWarning
                0x00000f9a                Com::tSDInitFail
                0x00000d89                Com::tEPRBedIGain
                0x00000d07                Com::tEPROPSRetractionLength
                0x00000637                Com::tHSpace
                0x000004c9                Com::tExpectedLine
                0x000005ff                Com::tE0Colon
                0x0000043c                Com::tInfo
                0x00000955                Com::tEPRConfigResetDefaults
                0x000008e2                Com::tZProbeFailed
                0x00000378                Com::tFirmware
                0x00000614                Com::tSetOutputSpace
                0x000004a0                Com::tY
                0x000011c2                Com::tEPRRetractionUndoExtraLongLength
                0x0000110d                Com::tEPRAutoretractEnabled
                0x0000090e                Com::tWait
                0x0000062d                Com::tSpaceToSpace
                0x000008cb                Com::tTransformationMatrix
                0x00000607                Com::tMS1MS2Pins
                0x0000074e                Com::tAPIDMax
                0x00000700                Com::tContinueCommunication
                0x00000621                Com::tGetInputSpace
                0x00000fe8                Com::tSpaceSizeColon
                0x00000573                Com::tSpaceT
                0x00000b75                Com::tEPRXHomingFeedrate
                0x00000d3f                Com::tEPRBedHeatManager
                0x00000644                Com::tXMaxColon
                0x0000056b                Com::tSpaceBColon
                0x00000ae5                Com::tEPRXStepsPerMM
                0x00000420                Com::tDebug
                0x000006a1                Com::tCommaSpeedEqual
                0x00000b59                Com::tEPRZMaxFeedrate
                0x0000077a                Com::tAPIDKd
                0x000009e7                Com::tEPRMaxInactiveTime
                0x000005d2                Com::tSpacem
                0x000005f9                Com::tYColon
                0x00000d22                Com::tEPROPSRetractionBacklash
                0x00000fa7                Com::tErrorWritingToFile
                0x00000652                Com::tYMaxColon
                0x000009b6                Com::tEPRBaudrate
                0x000005d5                Com::tSpaceDaysSpace
                0x00000933                Com::tConfigLoadedEEPROM
                0x000009bf                Com::tEPRFilamentPrinted
                0x000005a7                Com::tFanspeed
                0x00000de3                Com::tEPRStartFeedrate
                0x00000742                Com::tAPIDD
                0x00000a2e                Com::tEPRXHomePos
                0x00000bb1                Com::tEPRZHomingFeedrate
                0x00000579                Com::tSpaceBAtColon
                0x000005b1                Com::tPrintedFilament
                0x00000599                Com::tFlowMultiply
                0x00000a4c                Com::tEPRZHomePos
                0x000005dc                Com::tSpaceHoursSpace
                0x00000585                Com::tSlash
                0x0000050c                Com::tBrownOut
                0x00000774                Com::tAPIDKi
                0x00000eb7                Com::tEPRYOffset
                0x00000e0f                Com::tEPRHeatManager
                0x00000b21                Com::tEPRXMaxFeedrate
                0x00000ad2                Com::tEPRMaxZJerk
                0x00000f80                Com::tSDRemoved
                0x00000632                Com::tSpaceIsSpace
                0x00001097                Com::tCreationFailed
                0x00000e53                Com::tEPRDead
                0x0000063a                Com::tLSpace
                0x00000d56                Com::tEPRBedPIDDriveMax
                0x0000063d                Com::tXMinColon
                0x00000ac1                Com::tEPRMaxJerk
                0x00001186                Com::tEPRRetractionZLift
                0x00000667                Com::tZ2MinMaxColon
                0x000004af                Com::tP
                0x00000555                Com::tXColon
                0x000007c6                Com::tAPIDFinished
                0x00000ed9                Com::tEPRStabilizeTime
                0x000010b5                Com::tHeaterDecoupled
                0x00000913                Com::tConfigStoredEEPROM
                0x000004e4                Com::tSkip
                0x00000dce                Com::tEPRMaxFeedrate
                0x000004a9                Com::tF
                0x00000e90                Com::tEPRPIDMaxValue
                0x0000073a                Com::tAPIDBias
                0x0000076e                Com::tAPIDKp
                0x000004fd                Com::tExternalReset
                0x00000af9                Com::tEPRYStepsPerMM
                0x00000ef2                Com::tEPRRetractionWhenHeating
                0x000004de                Com::tGot
                0x00000ab1                Com::tEPRZBacklash
                0x0000056f                Com::tSpaceAtColon
                0x0000083d                Com::tTempSensorDefect
                0x00000821                Com::tMTEMPColon
                0x000004f5                Com::tPowerUp
                0x0000099a                Com::tEPR0
                0x000009a1                Com::tEPR1
                0x000006b9                Com::tLinearLColon
                0x0000042a                Com::tNewline
                0x00000aa1                Com::tEPRYBacklash
                0x00000780                Com::tAPIDFailedHigh
                0x00000fbd                Com::tBeginFileList
                0x0000064b                Com::tYMinColon
                0x0000047d                Com::tFormatError
                0x00000564                Com::tSpaceEColon
                0x0000071c                Com::tTargetBedColon
                0x000004ac                Com::tS
                0x00000c6e                Com::tEPRZTravelAcceleration
                0x0000044b                Com::tResend
                0x00000576                Com::tSpaceAt
                0x000004a6                Com::tE
                0x000004b8                Com::tR
                0x0000054b                Com::tFreeRAM
                0x00000678                Com::tZJerkColon
                0x00000427                Com::tOk
                0x000008b5                Com::tAutolevelDisabled
                0x000009d4                Com::tEPRPrinterActive
                0x000005c3                Com::tPrintingTime
                0x00000727                Com::tPIDAutotuneStart
                0x00000435                Com::tError
                0x00000587                Com::tSpaceSlash
                0x000008f1                Com::tZProbeMax
                0x00000a3d                Com::tEPRYHomePos
                0x00000a91                Com::tEPRXBacklash
                0x000010a7                Com::tSDErrorCode
                0x00000b3d                Com::tEPRYMaxFeedrate
                0x0000116e                Com::tEPRRetractionSpeed
                0x0000075b                Com::tAPIDTu
                0x00000459                Com::tOkSpace
                0x00000560                Com::tSpaceZColon
                0x00000747                Com::tAPIDMin
 .progmem.data  0x00001212      0x57d build\Extruder.o
                0x00001212                osAnalogInputChannels
 .progmem.data  0x0000178f       0x4d build\gcode.o
 .progmem.data  0x000017dc      0x224 build\HAL.o
 .progmem.data  0x00001a00        0xd build\motion.o
 .progmem.data  0x00001a0d      0x2c2 build\Printer.o
 .progmem.data  0x00001ccf       0xd0 build\SDCard.o
 .progmem.data  0x00001d9f      0x2af build\SdFat.o
 .progmem.data  0x0000204e     0x171d build\ui.o
                0x0000204e                encoder_table
 .progmem.data  0x0000376b      0x120 C:\Users\J\Desktop\Repetier_Cosmos_V_1.7\Repetier_Cosmos_V_1.7\build\/core_mega2560_16.a(wiring_digital.c.o)
                0x0000376b                port_to_mode_PGM
                0x000037b9                digital_pin_to_port_PGM
                0x000037ff                digital_pin_to_bit_mask_PGM
                0x00003785                port_to_output_PGM
                0x0000379f                port_to_input_PGM
                0x00003845                digital_pin_to_timer_PGM
 .progmem.data  0x0000388b       0x3b c:/users/j/desktop/codeblocks-arduino-20140626/codeblocks/bin/../lib/gcc/avr/4.3.3/../../../../avr/lib/avr6\libc.a(strtod.o)
                0x000038c6                . = ALIGN (0x2)
                0x000038c6                __trampolines_start = .
 *(.trampolines)
 .trampolines   0x000038c6        0x0 linker stubs
 *(.trampolines*)
                0x000038c6                __trampolines_end = .
 *(.jumptables)
 *(.jumptables*)
 *(.lowtext)
 *(.lowtext*)
                0x000038c6                __ctors_start = .
 *(.ctors)
 .ctors         0x000038c6        0x2 build\HAL.o
 .ctors         0x000038c8        0x2 build\Printer.o
 .ctors         0x000038ca        0x2 build\SDCard.o
 .ctors         0x000038cc        0x2 build\ui.o
                0x000038ce                __ctors_end = .
                0x000038ce                __dtors_start = .
 *(.dtors)
                0x000038ce                __dtors_end = .
 SORT(*)(.ctors)
 SORT(*)(.dtors)
 *(.init0)
 .init0         0x000038ce        0x0 c:/users/j/desktop/codeblocks-arduino-20140626/codeblocks/bin/../lib/gcc/avr/4.3.3/../../../../avr/lib/avr6/crtm2560.o
                0x000038ce                __init
 *(.init0)
 *(.init1)
 *(.init1)
 *(.init2)
 .init2         0x000038ce       0x10 c:/users/j/desktop/codeblocks-arduino-20140626/codeblocks/bin/../lib/gcc/avr/4.3.3/../../../../avr/lib/avr6/crtm2560.o
 *(.init2)
 *(.init3)
 *(.init3)
 *(.init4)
 .init4         0x000038de       0x1c c:/users/j/desktop/codeblocks-arduino-20140626/codeblocks/bin/../lib/gcc/avr/4.3.3/../../../../avr/lib/avr6/crtm2560.o
                0x000038de                __do_copy_data
 .init4         0x000038fa       0x10 c:/users/j/desktop/codeblocks-arduino-20140626/codeblocks/bin/../lib/gcc/avr/4.3.3/avr6\libgcc.a(_clear_bss.o)
                0x000038fa                __do_clear_bss
 *(.init4)
 *(.init5)
 *(.init5)
 *(.init6)
 .init6         0x0000390a       0x16 c:/users/j/desktop/codeblocks-arduino-20140626/codeblocks/bin/../lib/gcc/avr/4.3.3/avr6\libgcc.a(_ctors.o)
                0x0000390a                __do_global_ctors
 *(.init6)
 *(.init7)
 *(.init7)
 *(.init8)
 *(.init8)
 *(.init9)
 .init9         0x00003920        0x8 c:/users/j/desktop/codeblocks-arduino-20140626/codeblocks/bin/../lib/gcc/avr/4.3.3/../../../../avr/lib/avr6/crtm2560.o
 *(.init9)
 *(.text)
 .text          0x00003928        0x4 c:/users/j/desktop/codeblocks-arduino-20140626/codeblocks/bin/../lib/gcc/avr/4.3.3/../../../../avr/lib/avr6/crtm2560.o
                0x00003928                __vector_38
                0x00003928                __vector_28
                0x00003928                __vector_1
                0x00003928                __vector_32
                0x00003928                __vector_34
                0x00003928                __vector_24
                0x00003928                __vector_12
                0x00003928                __vector_55
                0x00003928                __vector_46
                0x00003928                __bad_interrupt
                0x00003928                __vector_6
                0x00003928                __vector_31
                0x00003928                __vector_35
                0x00003928                __vector_39
                0x00003928                __vector_3
                0x00003928                __vector_30
                0x00003928                __vector_45
                0x00003928                __vector_11
                0x00003928                __vector_54
                0x00003928                __vector_13
                0x00003928                __vector_19
                0x00003928                __vector_56
                0x00003928                __vector_7
                0x00003928                __vector_49
                0x00003928                __vector_41
                0x00003928                __vector_43
                0x00003928                __vector_27
                0x00003928                __vector_5
                0x00003928                __vector_33
                0x00003928                __vector_47
                0x00003928                __vector_52
                0x00003928                __vector_37
                0x00003928                __vector_4
                0x00003928                __vector_44
                0x00003928                __vector_51
                0x00003928                __vector_9
                0x00003928                __vector_2
                0x00003928                __vector_21
                0x00003928                __vector_15
                0x00003928                __vector_36
                0x00003928                __vector_29
                0x00003928                __vector_40
                0x00003928                __vector_8
                0x00003928                __vector_48
                0x00003928                __vector_14
                0x00003928                __vector_53
                0x00003928                __vector_10
                0x00003928                __vector_50
                0x00003928                __vector_16
                0x00003928                __vector_18
                0x00003928                __vector_20
                0x00003928                __vector_42
 .text          0x0000392c      0x204 c:/users/j/desktop/codeblocks-arduino-20140626/codeblocks/bin/../lib/gcc/avr/4.3.3/../../../../avr/lib/avr6\libc.a(malloc.o)
                0x0000392c                malloc
                0x00003a80                free
 .text          0x00003b30      0x2c0 c:/users/j/desktop/codeblocks-arduino-20140626/codeblocks/bin/../lib/gcc/avr/4.3.3/../../../../avr/lib/avr6\libc.a(strtod.o)
                0x00003b30                strtod
 .text          0x00003df0      0x25e c:/users/j/desktop/codeblocks-arduino-20140626/codeblocks/bin/../lib/gcc/avr/4.3.3/../../../../avr/lib/avr6\libc.a(strtol.o)
                0x00003df0                strtol
 .text          0x0000404e       0x30 c:/users/j/desktop/codeblocks-arduino-20140626/codeblocks/bin/../lib/gcc/avr/4.3.3/../../../../avr/lib/avr6\libc.a(strncasecmp_P.o)
                0x0000404e                strncasecmp_P
 .text          0x0000407e       0x12 c:/users/j/desktop/codeblocks-arduino-20140626/codeblocks/bin/../lib/gcc/avr/4.3.3/../../../../avr/lib/avr6\libc.a(memcpy.o)
                0x0000407e                memcpy
 .text          0x00004090       0x16 c:/users/j/desktop/codeblocks-arduino-20140626/codeblocks/bin/../lib/gcc/avr/4.3.3/../../../../avr/lib/avr6\libc.a(strcat.o)
                0x00004090                strcat
 .text          0x000040a6       0x16 c:/users/j/desktop/codeblocks-arduino-20140626/codeblocks/bin/../lib/gcc/avr/4.3.3/../../../../avr/lib/avr6\libc.a(strchr.o)
                0x000040a6                strchr
 .text          0x000040bc       0x12 c:/users/j/desktop/codeblocks-arduino-20140626/codeblocks/bin/../lib/gcc/avr/4.3.3/../../../../avr/lib/avr6\libc.a(strcmp.o)
                0x000040bc                strcmp
 .text          0x000040ce        0xe c:/users/j/desktop/codeblocks-arduino-20140626/codeblocks/bin/../lib/gcc/avr/4.3.3/../../../../avr/lib/avr6\libc.a(strcpy.o)
                0x000040ce                strcpy
 .text          0x000040dc       0x1e c:/users/j/desktop/codeblocks-arduino-20140626/codeblocks/bin/../lib/gcc/avr/4.3.3/../../../../avr/lib/avr6\libc.a(strncpy.o)
                0x000040dc                strncpy
 .text          0x000040fa       0x16 c:/users/j/desktop/codeblocks-arduino-20140626/codeblocks/bin/../lib/gcc/avr/4.3.3/../../../../avr/lib/avr6\libc.a(strrchr.o)
                0x000040fa                strrchr
                0x00004110                . = ALIGN (0x2)
 *(.text.*)
 .text._Z13microstepInitv
                0x00004110        0x2 build\Commands.o
                0x00004110                microstepInit()
 .text._ZN8Commands18writeLowestFreeRAMEv
                0x00004112       0x2a build\Commands.o
                0x00004112                Commands::writeLowestFreeRAM()
 .text._ZN8Commands22changeFlowrateMultiplyEi
                0x0000413c      0x116 build\Commands.o
                0x0000413c                Commands::changeFlowrateMultiply(int)
 .text._ZN8Commands22changeFeedrateMultiplyEi
                0x00004252       0xb8 build\Commands.o
                0x00004252                Commands::changeFeedrateMultiply(int)
 .text._ZN8Commands15checkFreeMemoryEv
                0x0000430a       0x1e build\Commands.o
                0x0000430a                Commands::checkFreeMemory()
 .text._ZN8Commands13emergencyStopEv
                0x00004328        0x6 build\Commands.o
                0x00004328                Commands::emergencyStop()
 .text._ZN8Commands10processArcEP5GCode
                0x0000432e      0x3da build\Commands.o
                0x0000432e                Commands::processArc(GCode*)
 .text._ZN8Commands18reportPrinterUsageEv
                0x00004708      0x20a build\Commands.o
                0x00004708                Commands::reportPrinterUsage()
 .text._ZN8Commands17printTemperaturesEb
                0x00004912       0xea build\Commands.o
                0x00004912                Commands::printTemperatures(bool)
 .text._ZN8Commands20printCurrentPositionEPKc
                0x000049fc      0x384 build\Commands.o
                0x000049fc                Commands::printCurrentPosition(char const*)
 .text._ZN8Commands25checkForPeriodicalActionsEb
                0x00004d80       0x4c build\Commands.o
                0x00004d80                Commands::checkForPeriodicalActions(bool)
 .text._ZN8Commands22waitUntilEndOfAllMovesEv
                0x00004dcc       0x1e build\Commands.o
                0x00004dcc                Commands::waitUntilEndOfAllMoves()
 .text._ZN8Commands11setFanSpeedEib
                0x00004dea       0x98 build\Commands.o
                0x00004dea                Commands::setFanSpeed(int, bool)
 .text._ZN8Commands12processGCodeEP5GCode
                0x00004e82      0x3f4 build\Commands.o
                0x00004e82                Commands::processGCode(GCode*)
 .text._ZN8Commands12processMCodeEP5GCode
                0x00005276     0x110a build\Commands.o
                0x00005276                Commands::processMCode(GCode*)
 .text._ZN8Commands12executeGCodeEP5GCode
                0x00006380       0x8e build\Commands.o
                0x00006380                Commands::executeGCode(GCode*)
 .text._ZN8Commands11commandLoopEv
                0x0000640e       0x70 build\Commands.o
                0x0000640e                Commands::commandLoop()
 .text._ZN8Commands24waitUntilEndOfAllBuffersEv
                0x0000647e       0x7e build\Commands.o
                0x0000647e                Commands::waitUntilEndOfAllBuffers()
 .text._ZN3Com5printEPKc
                0x000064fc       0x22 build\Communication.o
                0x000064fc                Com::print(char const*)
 .text._ZN3Com11printNumberEm
                0x0000651e       0xa0 build\Communication.o
                0x0000651e                Com::printNumber(unsigned long)
 .text._ZN3Com5printEl
                0x000065be       0x3e build\Communication.o
                0x000065be                Com::print(long)
 .text._ZN3Com6printFEPKc
                0x000065fc       0x28 build\Communication.o
                0x000065fc                Com::printF(char const*)
 .text._ZN3Com6printFEPKcm
                0x00006624       0x22 build\Communication.o
                0x00006624                Com::printF(char const*, unsigned long)
 .text._ZN3Com6printFEPKcl
                0x00006646       0x22 build\Communication.o
                0x00006646                Com::printF(char const*, long)
 .text._ZN3Com6printFEPKci
                0x00006668       0x28 build\Communication.o
                0x00006668                Com::printF(char const*, int)
 .text._ZN3Com6printFEPKcS1_
                0x00006690       0x16 build\Communication.o
                0x00006690                Com::printF(char const*, char const*)
 .text._ZN3Com10printFloatEfh
                0x000066a6      0x192 build\Communication.o
                0x000066a6                Com::printFloat(float, unsigned char)
 .text._ZN3Com6printFEPKcfh
                0x00006838       0x2a build\Communication.o
                0x00006838                Com::printF(char const*, float, unsigned char)
 .text._ZN3Com8printFLNEPKcfh
                0x00006862       0x3e build\Communication.o
                0x00006862                Com::printFLN(char const*, float, unsigned char)
 .text._ZN3Com6configEPKcfh
                0x000068a0       0x3a build\Communication.o
                0x000068a0                Com::config(char const*, float, unsigned char)
 .text._ZN3Com8printFLNEPKcm
                0x000068da       0x36 build\Communication.o
                0x000068da                Com::printFLN(char const*, unsigned long)
 .text._ZN3Com8printFLNEPKcl
                0x00006910       0x36 build\Communication.o
                0x00006910                Com::printFLN(char const*, long)
 .text._ZN3Com6configEPKcl
                0x00006946       0x32 build\Communication.o
                0x00006946                Com::config(char const*, long)
 .text._ZN3Com8printFLNEPKci
                0x00006978       0x3c build\Communication.o
                0x00006978                Com::printFLN(char const*, int)
 .text._ZN3Com6configEPKci
                0x000069b4       0x26 build\Communication.o
                0x000069b4                Com::config(char const*, int)
 .text._ZN3Com8printFLNEPKcS1_
                0x000069da       0x2a build\Communication.o
                0x000069da                Com::printFLN(char const*, char const*)
 .text._ZN3Com8printFLNEPKc
                0x00006a04       0x22 build\Communication.o
                0x00006a04                Com::printFLN(char const*)
 .text._ZN3Com13printErrorFLNEPKc
                0x00006a26       0x1a build\Communication.o
                0x00006a26                Com::printErrorFLN(char const*)
 .text._ZN3Com12printInfoFLNEPKc
                0x00006a40       0x1a build\Communication.o
                0x00006a40                Com::printInfoFLN(char const*)
 .text._ZN3Com6configEPKc
                0x00006a5a       0x1a build\Communication.o
                0x00006a5a                Com::config(char const*)
 .text._ZN3HAL11eprSetInt16Eji
                0x00006a74       0x30 build\Eeprom.o
                0x00006a74                HAL::eprSetInt16(unsigned int, int)
 .text._ZN3HAL11eprSetInt32Ejl
                0x00006aa4       0x64 build\Eeprom.o
                0x00006aa4                HAL::eprSetInt32(unsigned int, long)
 .text._ZN3HAL11eprSetFloatEjf
                0x00006b08       0x4c build\Eeprom.o
                0x00006b08                HAL::eprSetFloat(unsigned int, float)
 .text._ZN6EEPROM15computeChecksumEv
                0x00006b54       0x30 build\Eeprom.o
                0x00006b54                EEPROM::computeChecksum()
 .text._ZN6EEPROM14updateChecksumEv
                0x00006b84       0x36 build\Eeprom.o
                0x00006b84                EEPROM::updateChecksum()
 .text._ZN6EEPROM19writeExtruderPrefixEj
                0x00006bba       0x2e build\Eeprom.o
                0x00006bba                EEPROM::writeExtruderPrefix(unsigned int)
 .text._ZN6EEPROM9writeByteEjPKc
                0x00006be8       0x5a build\Eeprom.o
                0x00006be8                EEPROM::writeByte(unsigned int, char const*)
 .text._ZN6EEPROM8writeIntEjPKc
                0x00006c42       0x6c build\Eeprom.o
                0x00006c42                EEPROM::writeInt(unsigned int, char const*)
 .text._ZN6EEPROM10writeFloatEjPKch
                0x00006cae       0x9e build\Eeprom.o
                0x00006cae                EEPROM::writeFloat(unsigned int, char const*, unsigned char)
 .text._ZN6EEPROM9writeLongEjPKc
                0x00006d4c       0x80 build\Eeprom.o
                0x00006d4c                EEPROM::writeLong(unsigned int, char const*)
 .text._ZN6EEPROM13writeSettingsEv
                0x00006dcc      0x2fc build\Eeprom.o
                0x00006dcc                EEPROM::writeSettings()
 .text._ZN6EEPROM17initalizeUncachedEv
                0x000070c8      0x630 build\Eeprom.o
                0x000070c8                EEPROM::initalizeUncached()
 .text._ZN6EEPROM38restoreEEPROMSettingsFromConfigurationEv
                0x000076f8      0x3b2 build\Eeprom.o
                0x000076f8                EEPROM::restoreEEPROMSettingsFromConfiguration()
 .text._ZN6EEPROM12initBaudrateEv
                0x00007aaa       0x7c build\Eeprom.o
                0x00007aaa                EEPROM::initBaudrate()
 .text._ZN6EEPROM19storeDataIntoEEPROMEh
                0x00007b26      0xf88 build\Eeprom.o
                0x00007b26                EEPROM::storeDataIntoEEPROM(unsigned char)
 .text._ZN6EEPROM18readDataFromEEPROMEb
                0x00008aae     0x10b0 build\Eeprom.o
                0x00008aae                EEPROM::readDataFromEEPROM(bool)
 .text._ZN6EEPROM4initEv
                0x00009b5e       0x62 build\Eeprom.o
                0x00009b5e                EEPROM::init()
 .text._ZN6EEPROM6updateEP5GCode
                0x00009bc0       0xfe build\Eeprom.o
                0x00009bc0                EEPROM::update(GCode*)
 .text._ZN6EEPROM18updatePrinterUsageEv
                0x00009cbe      0x206 build\Eeprom.o
                0x00009cbe                EEPROM::updatePrinterUsage()
 .text._ZN21TemperatureController21updateTempControlVarsEv
                0x00009ec4       0x9c build\Extruder.o
                0x00009ec4                TemperatureController::updateTempControlVars()
 .text._ZN8Extruder13initHeatedBedEv
                0x00009f60        0xa build\Extruder.o
                0x00009f60                Extruder::initHeatedBed()
 .text._ZN8Extruder23getHeatedBedTemperatureEv
                0x00009f6a       0x16 build\Extruder.o
                0x00009f6a                Extruder::getHeatedBedTemperature()
 .text._ZN8Extruder4stepEv
                0x00009f80        0x4 build\Extruder.o
                0x00009f80                Extruder::step()
 .text._ZN8Extruder6unstepEv
                0x00009f84        0x4 build\Extruder.o
                0x00009f84                Extruder::unstep()
 .text._ZN8Extruder12setDirectionEh
                0x00009f88        0xc build\Extruder.o
                0x00009f88                Extruder::setDirection(unsigned char)
 .text._ZN8Extruder6enableEv
                0x00009f94        0x4 build\Extruder.o
                0x00009f94                Extruder::enable()
 .text._ZN21TemperatureController24updateCurrentTemperatureEv
                0x00009f98      0x3f8 build\Extruder.o
                0x00009f98                TemperatureController::updateCurrentTemperature()
 .text._ZN21TemperatureController20setTargetTemperatureEf
                0x0000a390      0x2c6 build\Extruder.o
                0x0000a390                TemperatureController::setTargetTemperature(float)
 .text._ZN8Extruder16disableAllHeaterEv
                0x0000a656       0x4e build\Extruder.o
                0x0000a656                Extruder::disableAllHeater()
 .text._Z21reportTempsensorErrorv
                0x0000a6a4       0x96 build\Extruder.o
                0x0000a6a4                reportTempsensorError()
 .text._Z12writeMonitorv
                0x0000a73a        0x8 build\Extruder.o
                0x0000a73a                writeMonitor()
 .text._ZN8Extruder23setHeatedBedTemperatureEfb
                0x0000a742      0x10c build\Extruder.o
                0x0000a742                Extruder::setHeatedBedTemperature(float, bool)
 .text._ZN21TemperatureController11autotunePIDEfhib
                0x0000a84e      0x6a4 build\Extruder.o
                0x0000a84e                TemperatureController::autotunePID(float, unsigned char, int, bool)
 .text._ZN8Extruder24disableAllExtruderMotorsEv
                0x0000aef2       0x24 build\Extruder.o
                0x0000aef2                Extruder::disableAllExtruderMotors()
 .text._ZN8Extruder14pauseExtrudersEv
                0x0000af16       0x50 build\Extruder.o
                0x0000af16                Extruder::pauseExtruders()
 .text._ZN8Extruder27disableCurrentExtruderMotorEv
                0x0000af66       0x28 build\Extruder.o
                0x0000af66                Extruder::disableCurrentExtruderMotor()
 .text._ZN21TemperatureController24waitForTargetTemperatureEv
                0x0000af8e       0x98 build\Extruder.o
                0x0000af8e                TemperatureController::waitForTargetTemperature()
 .text._ZN8Extruder16unpauseExtrudersEv
                0x0000b026       0x56 build\Extruder.o
                0x0000b026                Extruder::unpauseExtruders()
 .text._ZN8Extruder25setTemperatureForExtruderEfhbb
                0x0000b07c      0x40a build\Extruder.o
                0x0000b07c                Extruder::setTemperatureForExtruder(float, unsigned char, bool, bool)
 .text._ZN8Extruder18selectExtruderByIdEh
                0x0000b486      0x2f0 build\Extruder.o
                0x0000b486                Extruder::selectExtruderById(unsigned char)
 .text._ZN8Extruder12initExtruderEv
                0x0000b776       0x66 build\Extruder.o
                0x0000b776                Extruder::initExtruder()
 .text._ZN8Extruder18manageTemperaturesEv
                0x0000b7dc      0x998 build\Extruder.o
                0x0000b7dc                Extruder::manageTemperatures()
 .text._ZN8Extruder15retractDistanceEf
                0x0000c174      0x1c8 build\Extruder.o
                0x0000c174                Extruder::retractDistance(float)
 .text._ZN8Extruder7retractEbb
                0x0000c33c      0x31e build\Extruder.o
                0x0000c33c                Extruder::retract(bool, bool)
 .text._ZN5GCode17computeBinarySizeEPc
                0x0000c65a       0xba build\gcode.o
                0x0000c65a                GCode::computeBinarySize(char*)
 .text._ZN5GCode11pushCommandEv
                0x0000c714       0x10 build\gcode.o
                0x0000c714                GCode::pushCommand()
 .text._ZN5GCode18peekCurrentCommandEv
                0x0000c724       0x24 build\gcode.o
                0x0000c724                GCode::peekCurrentCommand()
 .text._ZN5GCode11parseBinaryEPhb
                0x0000c748      0x322 build\gcode.o
                0x0000c748                GCode::parseBinary(unsigned char*, bool)
 .text._ZN5GCode10parseAsciiEPcb
                0x0000ca6a      0x5f4 build\gcode.o
                0x0000ca6a                GCode::parseAscii(char*, bool)
 .text._ZN5GCode14executeFStringEPKc
                0x0000d05e       0xd0 build\gcode.o
                0x0000d05e                GCode::executeFString(char const*)
 .text._ZN5GCode12printCommandEv
                0x0000d12e      0x222 build\gcode.o
                0x0000d12e                GCode::printCommand()
 .text._ZN5GCode11echoCommandEv
                0x0000d350       0x22 build\gcode.o
                0x0000d350                GCode::echoCommand()
 .text._ZN5GCode17popCurrentCommandEv
                0x0000d372       0x32 build\gcode.o
                0x0000d372                GCode::popCurrentCommand()
 .text._ZN5GCode13requestResendEv
                0x0000d3a4       0x60 build\gcode.o
                0x0000d3a4                GCode::requestResend()
 .text._ZN5GCode19checkAndPushCommandEv
                0x0000d404      0x150 build\gcode.o
                0x0000d404                GCode::checkAndPushCommand()
 .text._ZN5GCode14readFromSerialEv
                0x0000d554      0x4b6 build\gcode.o
                0x0000d554                GCode::readFromSerial()
 .text._ZN3HAL8CPUDivU2Ej
                0x0000da0a      0x174 build\HAL.o
                0x0000da0a                HAL::CPUDivU2(unsigned int)
 .text._ZN3HAL10setupTimerEv
                0x0000db7e       0x38 build\HAL.o
                0x0000db7e                HAL::setupTimer()
 .text._ZN3HAL13resetHardwareEv
                0x0000dbb6        0xc build\HAL.o
                0x0000dbb6                HAL::resetHardware()
 .text._ZN3HAL11analogStartEv
                0x0000dbc2       0x84 build\HAL.o
                0x0000dbc2                HAL::analogStart()
 .text.__vector_25
                0x0000dc46       0x54 build\HAL.o
                0x0000dc46                __vector_25
 .text.__vector_26
                0x0000dc9a       0x60 build\HAL.o
                0x0000dc9a                __vector_26
 .text._ZN16RFHardwareSerial5beginEm
                0x0000dcfa      0x11c build\HAL.o
                0x0000dcfa                RFHardwareSerial::begin(unsigned long)
 .text._ZN16RFHardwareSerial9availableEv
                0x0000de16       0x24 build\HAL.o
                0x0000de16                RFHardwareSerial::available()
 .text._ZN16RFHardwareSerial4peekEv
                0x0000de3a       0x38 build\HAL.o
                0x0000de3a                RFHardwareSerial::peek()
 .text._ZN16RFHardwareSerial4readEv
                0x0000de72       0x40 build\HAL.o
                0x0000de72                RFHardwareSerial::read()
 .text._ZN16RFHardwareSerial5flushEv
                0x0000deb2       0x1c build\HAL.o
                0x0000deb2                RFHardwareSerial::flush()
 .text._ZN16RFHardwareSerial5writeEh
                0x0000dece       0x5c build\HAL.o
                0x0000dece                RFHardwareSerial::write(unsigned char)
 .text._GLOBAL__I_osAnalogInputCounter
                0x0000df2a       0x88 build\HAL.o
 .text.__vector_22
                0x0000dfb2      0x242 build\HAL.o
                0x0000dfb2                __vector_22
 .text.__vector_17
                0x0000e1f4      0x14e build\HAL.o
                0x0000e1f4                __vector_17
 .text._ZN3HAL10getFreeRamEv
                0x0000e342       0x2c build\HAL.o
                0x0000e342                HAL::getFreeRam()
 .text._ZN3HAL15showStartReasonEv
                0x0000e36e       0x50 build\HAL.o
                0x0000e36e                HAL::showStartReason()
 .text._ZN9PrintLine32removeCurrentLineForbidInterruptEv
                0x0000e3be       0x3a build\motion.o
                0x0000e3be                PrintLine::removeCurrentLineForbidInterrupt()
 .text._ZN9PrintLine20updateStepsParameterEv
                0x0000e3f8      0x27a build\motion.o
                0x0000e3f8                PrintLine::updateStepsParameter()
 .text._ZN9PrintLine17waitForXFreeLinesEhb
                0x0000e672       0x48 build\motion.o
                0x0000e672                PrintLine::waitForXFreeLines(unsigned char, bool)
 .text._ZN9PrintLine3arcEPfS0_S0_fh
                0x0000e6ba      0x6b0 build\motion.o
                0x0000e6ba                PrintLine::arc(float*, float*, float*, float, unsigned char)
 .text._ZN9PrintLine16updateTrapezoidsEv
                0x0000ed6a      0xe12 build\motion.o
                0x0000ed6a                PrintLine::updateTrapezoids()
 .text._ZN9PrintLine13calculateMoveEPfh
                0x0000fb7c      0xace build\motion.o
                0x0000fb7c                PrintLine::calculateMove(float*, unsigned char)
 .text._ZN9PrintLine31moveRelativeDistanceInStepsRealEllllfb
                0x0001064a      0x256 build\motion.o
                0x0001064a                PrintLine::moveRelativeDistanceInStepsReal(long, long, long, long, float, bool)
 .text._ZN9PrintLine23insertWaitMovesIfNeededEhh
                0x000108a0       0xf0 build\motion.o
                0x000108a0                PrintLine::insertWaitMovesIfNeeded(unsigned char, unsigned char)
 .text._ZN9PrintLine18queueCartesianMoveEhh
                0x00010990      0x78a build\motion.o
                0x00010990                PrintLine::queueCartesianMove(unsigned char, unsigned char)
 .text._ZN9PrintLine27moveRelativeDistanceInStepsEllllfbb
                0x0001111a      0x1b0 build\motion.o
                0x0001111a                PrintLine::moveRelativeDistanceInSteps(long, long, long, long, float, bool, bool)
 .text._ZN9PrintLine13bresenhamStepEv
                0x000112ca      0x892 build\motion.o
                0x000112ca                PrintLine::bresenhamStep()
 .text._ZN8Endstops6updateEv
                0x00011b5c       0x22 build\Printer.o
                0x00011b5c                Endstops::update()
 .text._ZN7Printer26constrainDestinationCoordsEv
                0x00011b7e      0x18e build\Printer.o
                0x00011b7e                Printer::constrainDestinationCoords()
 .text._ZN7Printer9setOriginEfff
                0x00011d0c       0x42 build\Printer.o
                0x00011d0c                Printer::setOrigin(float, float, float)
 .text._ZN7Printer21updateCurrentPositionEb
                0x00011d4e      0x1b0 build\Printer.o
                0x00011d4e                Printer::updateCurrentPosition(bool)
 .text._ZN7Printer12setCaseLightEb
                0x00011efe        0x2 build\Printer.o
                0x00011efe                Printer::setCaseLight(bool)
 .text._ZN7Printer20handleInterruptEventEv
                0x00011f00        0xe build\Printer.o
                0x00011f00                Printer::handleInterruptEvent()
 .text._GLOBAL__I__ZN7Printer12unitIsInchesE
                0x00011f0e       0x14 build\Printer.o
 .text._ZN8Endstops6reportEv
                0x00011f22       0x78 build\Printer.o
                0x00011f22                Endstops::report()
 .text._ZN7Printer21reportCaseLightStatusEv
                0x00011f9a        0xa build\Printer.o
                0x00011f9a                Printer::reportCaseLightStatus()
 .text._ZN7Printer17isPositionAllowedEfff
                0x00011fa4        0x4 build\Printer.o
                0x00011fa4                Printer::isPositionAllowed(float, float, float)
 .text._ZN7Printer9homeZAxisEv
                0x00011fa8      0x22a build\Printer.o
                0x00011fa8                Printer::homeZAxis()
 .text._ZN7Printer9homeYAxisEv
                0x000121d2      0x27a build\Printer.o
                0x000121d2                Printer::homeYAxis()
 .text._ZN7Printer9homeXAxisEv
                0x0001244c      0x27a build\Printer.o
                0x0001244c                Printer::homeXAxis()
 .text._ZN7Printer14MemoryPositionEv
                0x000126c6       0xc4 build\Printer.o
                0x000126c6                Printer::MemoryPosition()
 .text._ZN7Printer28setDestinationStepsFromGCodeEP5GCode
                0x0001278a      0x82e build\Printer.o
                0x0001278a                Printer::setDestinationStepsFromGCode(GCode*)
 .text._ZN7Printer10moveToRealEfffff
                0x00012fb8      0x2ea build\Printer.o
                0x00012fb8                Printer::moveToReal(float, float, float, float, float)
 .text._ZN7Printer8homeAxisEbbb
                0x000132a2      0x140 build\Printer.o
                0x000132a2                Printer::homeAxis(bool, bool, bool)
 .text._ZN7Printer18GoToMemoryPositionEbbbbf
                0x000133e2      0x1bc build\Printer.o
                0x000133e2                Printer::GoToMemoryPosition(bool, bool, bool, bool, float)
 .text._ZN7Printer4killEh
                0x0001359e       0xb8 build\Printer.o
                0x0001359e                Printer::kill(unsigned char)
 .text._ZN7Printer18defaultLoopActionsEv
                0x00013656       0xca build\Printer.o
                0x00013656                Printer::defaultLoopActions()
 .text._ZN7Printer22updateDerivedParameterEv
                0x00013720      0x39e build\Printer.o
                0x00013720                Printer::updateDerivedParameter()
 .text._ZN7Printer5setupEv
                0x00013abe      0x2c6 build\Printer.o
                0x00013abe                Printer::setup()
 .text._ZN7Printer17showConfigurationEv
                0x00013d84      0x5b2 build\Printer.o
                0x00013d84                Printer::showConfiguration()
 .text.loop     0x00014336        0x6 build\Repetier_Cosmos_V_1.7.o
                0x00014336                loop
 .text.setup    0x0001433c        0x6 build\Repetier_Cosmos_V_1.7.o
                0x0001433c                setup
 .text._ZN6SDCardC1Ev
                0x00014342       0x34 build\SDCard.o
                0x00014342                SDCard::SDCard()
 .text._ZN6SDCard7unmountEv
                0x00014376       0x30 build\SDCard.o
                0x00014376                SDCard::unmount()
 .text._ZN6SDCard10startPrintEv
                0x000143a6       0x26 build\SDCard.o
                0x000143a6                SDCard::startPrint()
 .text._ZN6SDCard14createFilenameEPcRK14directoryEntry
                0x000143cc       0x2a build\SDCard.o
                0x000143cc                SDCard::createFilename(char*, directoryEntry const&)
 .text._GLOBAL__I_tempLongFilename
                0x000143f6        0xa build\SDCard.o
 .text._ZN6SDCard13makeDirectoryEPc
                0x00014400       0x6a build\SDCard.o
                0x00014400                SDCard::makeDirectory(char*)
 .text._ZN6SDCard10deleteFileEPc
                0x0001446a       0x74 build\SDCard.o
                0x0001446a                SDCard::deleteFile(char*)
 .text._ZN6SDCard11finishWriteEv
                0x000144de       0x40 build\SDCard.o
                0x000144de                SDCard::finishWrite()
 .text._ZN6SDCard10startWriteEPc
                0x0001451e       0x9e build\SDCard.o
                0x0001451e                SDCard::startWrite(char*)
 .text._ZN6SDCard11printStatusEv
                0x000145bc       0x4e build\SDCard.o
                0x000145bc                SDCard::printStatus()
 .text._ZN6SDCard10selectFileEPKcb
                0x0001460a      0x132 build\SDCard.o
                0x0001460a                SDCard::selectFile(char const*, bool)
 .text._ZN6SDCard2lsEv
                0x0001473c       0x72 build\SDCard.o
                0x0001473c                SDCard::ls()
 .text._Z10RFstrnicmpPKcS0_j
                0x000147ae       0x6c build\SDCard.o
                0x000147ae                RFstrnicmp(char const*, char const*, unsigned int)
 .text._Z9RFstricmpPKcS0_
                0x0001481a       0x8c build\SDCard.o
                0x0001481a                RFstricmp(char const*, char const*)
 .text._ZN6SDCard12writeCommandEP5GCode
                0x000148a6      0x3b4 build\SDCard.o
                0x000148a6                SDCard::writeCommand(GCode*)
 .text._ZN6SDCard9stopPrintEv
                0x00014c5a       0x48 build\SDCard.o
                0x00014c5a                SDCard::stopPrint()
 .text._ZN6SDCard13continuePrintEb
                0x00014ca2       0xb8 build\SDCard.o
                0x00014ca2                SDCard::continuePrint(bool)
 .text._ZN6SDCard10pausePrintEb
                0x00014d5a      0x162 build\SDCard.o
                0x00014d5a                SDCard::pausePrint(bool)
 .text._ZN6SDCard6initsdEv
                0x00014ebc       0x76 build\SDCard.o
                0x00014ebc                SDCard::initsd()
 .text._ZN6SDCard5mountEv
                0x00014f32       0x14 build\SDCard.o
                0x00014f32                SDCard::mount()
 .text._ZN6SDCard9automountEv
                0x00014f46       0xaa build\SDCard.o
                0x00014f46                SDCard::automount()
 .text._ZN10SdBaseFile10make83NameEPKcPhPS1_
                0x00014ff0       0x9c build\SdFat.o
                0x00014ff0                SdBaseFile::make83Name(char const*, unsigned char*, char const**)
 .text._ZN10SdBaseFile12lfn_checksumEPKh
                0x0001508c       0x2e build\SdFat.o
                0x0001508c                SdBaseFile::lfn_checksum(unsigned char const*)
 .text._ZL7spiInith
                0x000150ba       0x6a build\SdFat.o
 .text._ZN7Sd2Card11waitNotBusyEj
                0x00015124       0x4e build\SdFat.o
                0x00015124                Sd2Card::waitNotBusy(unsigned int)
 .text._ZN7Sd2Card13chipSelectLowEv
                0x00015172       0x1e build\SdFat.o
                0x00015172                Sd2Card::chipSelectLow()
 .text._ZN7Sd2Card14chipSelectHighEv
                0x00015190       0x16 build\SdFat.o
                0x00015190                Sd2Card::chipSelectHigh()
 .text._ZN7Sd2Card9writeStopEv
                0x000151a6       0x50 build\SdFat.o
                0x000151a6                Sd2Card::writeStop()
 .text._ZN7Sd2Card9writeDataEhPKh
                0x000151f6       0xc6 build\SdFat.o
                0x000151f6                Sd2Card::writeData(unsigned char, unsigned char const*)
 .text._ZN7Sd2Card9writeDataEPKh
                0x000152bc       0x54 build\SdFat.o
                0x000152bc                Sd2Card::writeData(unsigned char const*)
 .text._ZN7Sd2Card8readDataEPhj
                0x00015310      0x132 build\SdFat.o
                0x00015310                Sd2Card::readData(unsigned char*, unsigned int)
 .text._ZN7Sd2Card8readDataEPh
                0x00015442       0x26 build\SdFat.o
                0x00015442                Sd2Card::readData(unsigned char*)
 .text._ZN7Sd2Card11cardCommandEhm
                0x00015468      0x126 build\SdFat.o
                0x00015468                Sd2Card::cardCommand(unsigned char, unsigned long)
 .text._ZN7Sd2Card10writeStartEmm
                0x0001558e       0x92 build\SdFat.o
                0x0001558e                Sd2Card::writeStart(unsigned long, unsigned long)
 .text._ZN7Sd2Card10writeBlockEmPKh
                0x00015620       0xb0 build\SdFat.o
                0x00015620                Sd2Card::writeBlock(unsigned long, unsigned char const*)
 .text._ZN8SdVolume9cacheSyncEv
                0x000156d0       0x92 build\SdFat.o
                0x000156d0                SdVolume::cacheSync()
 .text._ZN7Sd2Card8readStopEv
                0x00015762       0x3e build\SdFat.o
                0x00015762                Sd2Card::readStop()
 .text._ZN7Sd2Card9readStartEm
                0x000157a0       0x4a build\SdFat.o
                0x000157a0                Sd2Card::readStart(unsigned long)
 .text._ZN7Sd2Card9readBlockEmPh
                0x000157ea       0x68 build\SdFat.o
                0x000157ea                Sd2Card::readBlock(unsigned long, unsigned char*)
 .text._ZN8SdVolume10cacheFetchEmh
                0x00015852       0x8a build\SdFat.o
                0x00015852                SdVolume::cacheFetch(unsigned long, unsigned char)
 .text._ZN8SdVolume4initEP7Sd2Cardh
                0x000158dc      0x2fe build\SdFat.o
                0x000158dc                SdVolume::init(Sd2Card*, unsigned char)
 .text._ZN8SdVolume13cacheFetchFatEmh
                0x00015bda        0x8 build\SdFat.o
                0x00015bda                SdVolume::cacheFetchFat(unsigned long, unsigned char)
 .text._ZN8SdVolume6fatPutEmm
                0x00015be2       0xee build\SdFat.o
                0x00015be2                SdVolume::fatPut(unsigned long, unsigned long)
 .text._ZN8SdVolume6fatGetEmPm
                0x00015cd0       0xf6 build\SdFat.o
                0x00015cd0                SdVolume::fatGet(unsigned long, unsigned long*)
 .text._ZN8SdVolume9freeChainEm
                0x00015dc6       0xca build\SdFat.o
                0x00015dc6                SdVolume::freeChain(unsigned long)
 .text._ZN8SdVolume15allocContiguousEmPm
                0x00015e90      0x296 build\SdFat.o
                0x00015e90                SdVolume::allocContiguous(unsigned long, unsigned long*)
 .text._ZN10SdBaseFile10addClusterEv
                0x00016126       0x4e build\SdFat.o
                0x00016126                SdBaseFile::addCluster()
 .text._ZN10SdBaseFile10setDirSizeEv
                0x00016174       0xf8 build\SdFat.o
                0x00016174                SdBaseFile::setDirSize()
 .text._ZN10SdBaseFile8openRootEP8SdVolume
                0x0001626c       0xac build\SdFat.o
                0x0001626c                SdBaseFile::openRoot(SdVolume*)
 .text._ZN10SdBaseFile7seekSetEm
                0x00016318      0x160 build\SdFat.o
                0x00016318                SdBaseFile::seekSet(unsigned long)
 .text._ZN10SdBaseFile13cacheDirEntryEh
                0x00016478       0x48 build\SdFat.o
                0x00016478                SdBaseFile::cacheDirEntry(unsigned char)
 .text._ZN10SdBaseFile4syncEv
                0x000164c0       0xa8 build\SdFat.o
                0x000164c0                SdBaseFile::sync()
 .text._ZN10SdBaseFile8truncateEm
                0x00016568      0x1a6 build\SdFat.o
                0x00016568                SdBaseFile::truncate(unsigned long)
 .text._ZN10SdBaseFile15openCachedEntryEhh
                0x0001670e      0x104 build\SdFat.o
                0x0001670e                SdBaseFile::openCachedEntry(unsigned char, unsigned char)
 .text._ZN10SdBaseFile5closeEv
                0x00016812       0x14 build\SdFat.o
                0x00016812                SdBaseFile::close()
 .text._ZN5SdFat5chdirEb
                0x00016826       0x44 build\SdFat.o
                0x00016826                SdFat::chdir(bool)
 .text._ZN10SdBaseFile6removeEv
                0x0001686a       0x3c build\SdFat.o
                0x0001686a                SdBaseFile::remove()
 .text._ZN7Sd2Card4initEhh
                0x000168a6      0x1a8 build\SdFat.o
                0x000168a6                Sd2Card::init(unsigned char, unsigned char)
 .text._ZN5SdFat5beginEhh
                0x00016a4e       0x58 build\SdFat.o
                0x00016a4e                SdFat::begin(unsigned char, unsigned char)
 .text._ZN10SdBaseFile5writeEPKvj
                0x00016aa6      0x4d4 build\SdFat.o
                0x00016aa6                SdBaseFile::write(void const*, unsigned int)
 .text._ZN6SdFile5writeEPKvj
                0x00016f7a        0x6 build\SdFat.o
                0x00016f7a                SdFile::write(void const*, unsigned int)
 .text._ZN10SdBaseFile4readEPvj
                0x00016f80      0x342 build\SdFat.o
                0x00016f80                SdBaseFile::read(void*, unsigned int)
 .text._ZN10SdBaseFile4readEv
                0x000172c2       0x3a build\SdFat.o
                0x000172c2                SdBaseFile::read()
 .text._ZN10SdBaseFile12readDirCacheEv
                0x000172fc       0x7c build\SdFat.o
                0x000172fc                SdBaseFile::readDirCache()
 .text._ZN10SdBaseFile5rmdirEv
                0x00017378       0x74 build\SdFat.o
                0x00017378                SdBaseFile::rmdir()
 .text._ZN10SdBaseFile9findSpaceEP14directoryEntryaPaPm
                0x000173ec       0xe2 build\SdFat.o
                0x000173ec                SdBaseFile::findSpace(directoryEntry*, signed char, signed char*, unsigned long*)
 .text._ZN10SdBaseFile4openEPS_jh
                0x000174ce       0x8a build\SdFat.o
                0x000174ce                SdBaseFile::open(SdBaseFile*, unsigned int, unsigned char)
 .text._ZN10SdBaseFile15getLongFilenameEP14directoryEntryPcaPm
                0x00017558      0x148 build\SdFat.o
                0x00017558                SdBaseFile::getLongFilename(directoryEntry*, char*, signed char, unsigned long*)
 .text._ZN10SdBaseFile4openEPS_PKhhb
                0x000176a0      0x558 build\SdFat.o
                0x000176a0                SdBaseFile::open(SdBaseFile*, unsigned char const*, unsigned char, bool)
 .text._ZN10SdBaseFile5mkdirEPS_PKh
                0x00017bf8      0x130 build\SdFat.o
                0x00017bf8                SdBaseFile::mkdir(SdBaseFile*, unsigned char const*)
 .text._ZN10SdBaseFile20openParentReturnFileEPS_PKcPhS0_h
                0x00017d28      0x190 build\SdFat.o
                0x00017d28                SdBaseFile::openParentReturnFile(SdBaseFile*, char const*, unsigned char*, SdBaseFile*, unsigned char)
 .text._ZN10SdBaseFile4openEPS_PKch
                0x00017eb8       0x8e build\SdFat.o
                0x00017eb8                SdBaseFile::open(SdBaseFile*, char const*, unsigned char)
 .text._ZN10SdBaseFile6removeEPS_PKc
                0x00017f46       0x50 build\SdFat.o
                0x00017f46                SdBaseFile::remove(SdBaseFile*, char const*)
 .text._ZN5SdFat6removeEPKc
                0x00017f96        0x8 build\SdFat.o
                0x00017f96                SdFat::remove(char const*)
 .text._ZN10SdBaseFile4openEPKch
                0x00017f9e       0x14 build\SdFat.o
                0x00017f9e                SdBaseFile::open(char const*, unsigned char)
 .text._ZN5SdFat5rmdirEPKc
                0x00017fb2       0x4a build\SdFat.o
                0x00017fb2                SdFat::rmdir(char const*)
 .text._ZN5SdFat5chdirEPKcb
                0x00017ffc       0x9e build\SdFat.o
                0x00017ffc                SdFat::chdir(char const*, bool)
 .text._ZN10SdBaseFile5mkdirEPS_PKcb
                0x0001809a       0x7a build\SdFat.o
                0x0001809a                SdBaseFile::mkdir(SdBaseFile*, char const*, bool)
 .text._ZN5SdFat5mkdirEPKcb
                0x00018114       0x3e build\SdFat.o
                0x00018114                SdFat::mkdir(char const*, bool)
 .text._ZN10SdBaseFile11lsRecursiveEPS_hPcS0_
                0x00018152      0x288 build\SdFat.o
                0x00018152                SdBaseFile::lsRecursive(SdBaseFile*, unsigned char, char*, SdBaseFile*)
 .text._ZN10SdBaseFile2lsEhh
                0x000183da       0x70 build\SdFat.o
                0x000183da                SdBaseFile::ls(unsigned char, unsigned char)
 .text._ZN3HAL11eprGetFloatEj
                0x0001844a       0x4e build\ui.o
                0x0001844a                HAL::eprGetFloat(unsigned int)
 .text._Z10uiInitKeysv
                0x00018498       0x22 build\ui.o
                0x00018498                uiInitKeys()
 .text._Z11uiCheckKeysRi
                0x000184ba       0x38 build\ui.o
                0x000184ba                uiCheckKeys(int&)
 .text._Z4beephh
                0x000184f2        0x2 build\ui.o
                0x000184f2                beep(unsigned char, unsigned char)
 .text._ZNK4._119showEntryEv
                0x000184f4       0x46 build\ui.o
 .text._ZN9UIDisplay6addIntEihc
                0x0001853a      0x11a build\ui.o
                0x0001853a                UIDisplay::addInt(int, unsigned char, char)
 .text._ZN9UIDisplay7addLongElc
                0x00018654      0x14c build\ui.o
                0x00018654                UIDisplay::addLong(long, char)
 .text._ZN9UIDisplay8addFloatEfch
                0x000187a0      0x15e build\ui.o
                0x000187a0                UIDisplay::addFloat(float, char, unsigned char)
 .text._ZN9UIDisplay10addStringPEPKc
                0x000188fe       0x3c build\ui.o
                0x000188fe                UIDisplay::addStringP(char const*)
 .text._ZN9UIDisplay9addStringEPc
                0x0001893a       0x44 build\ui.o
                0x0001893a                UIDisplay::addString(char*)
 .text._ZN9UIDisplay14addStringOnOffEh
                0x0001897e       0x18 build\ui.o
                0x0001897e                UIDisplay::addStringOnOff(unsigned char)
 .text._ZN9UIDisplay10setStatusPEPKcb
                0x00018996       0x5a build\ui.o
                0x00018996                UIDisplay::setStatusP(char const*, bool)
 .text._ZN9UIDisplay9setStatusEPKcb
                0x000189f0       0x62 build\ui.o
                0x000189f0                UIDisplay::setStatus(char const*, bool)
 .text._ZN9UIDisplay13adjustMenuPosEv
                0x00018a52      0x1c0 build\ui.o
                0x00018a52                UIDisplay::adjustMenuPos()
 .text._ZN9UIDisplay12mediumActionEv
                0x00018c12        0x2 build\ui.o
                0x00018c12                UIDisplay::mediumAction()
 .text._GLOBAL__I__Z10uiInitKeysv
                0x00018c14        0x2 build\ui.o
 .text._ZN9UIDisplay10fastActionEv
                0x00018c16       0x7a build\ui.o
                0x00018c16                UIDisplay::fastAction()
 .text._ZN9UIDisplay18nextPreviousActionEib
                0x00018c90     0x181a build\ui.o
                0x00018c90                UIDisplay::nextPreviousAction(int, bool)
 .text._Z9sdrefreshRjPA29_c
                0x0001a4aa      0x20c build\ui.o
                0x0001a4aa                sdrefresh(unsigned int&, char (*) [29])
 .text._ZN9UIDisplay17updateSDFileCountEv
                0x0001a6b6       0x96 build\ui.o
                0x0001a6b6                UIDisplay::updateSDFileCount()
 .text._ZN9UIDisplay5goDirEPc
                0x0001a74c       0xa6 build\ui.o
                0x0001a74c                UIDisplay::goDir(char*)
 .text._Z15getSDFilenameAtjPc
                0x0001a7f2       0xc0 build\ui.o
                0x0001a7f2                getSDFilenameAt(unsigned int, char*)
 .text._ZN9UIDisplay5parseEPKcb
                0x0001a8b2      0xe2e build\ui.o
                0x0001a8b2                UIDisplay::parse(char const*, bool)
 .text._Z12lcdWriteBytehh
                0x0001b6e0       0xc0 build\ui.o
                0x0001b6e0                lcdWriteByte(unsigned char, unsigned char)
 .text._ZN9UIDisplay10createCharEhPKh
                0x0001b7a0       0x42 build\ui.o
                0x0001b7a0                UIDisplay::createChar(unsigned char, unsigned char const*)
 .text._ZN9UIDisplay8printRowEhPcS0_h
                0x0001b7e2       0xe4 build\ui.o
                0x0001b7e2                UIDisplay::printRow(unsigned char, char*, char*, unsigned char)
 .text._ZN9UIDisplay11refreshPageEv
                0x0001b8c6      0x510 build\ui.o
                0x0001b8c6                UIDisplay::refreshPage()
 .text._ZN9UIDisplay7popMenuEb
                0x0001bdd6       0x28 build\ui.o
                0x0001bdd6                UIDisplay::popMenu(bool)
 .text._ZN9UIDisplay8pushMenuEPK13UIMenu_structb
                0x0001bdfe       0xba build\ui.o
                0x0001bdfe                UIDisplay::pushMenu(UIMenu_struct const*, bool)
 .text._ZN9UIDisplay13executeActionEib
                0x0001beb8     0x1556 build\ui.o
                0x0001beb8                UIDisplay::executeAction(int, bool)
 .text._ZN9UIDisplay8okActionEb
                0x0001d40e      0x7fe build\ui.o
                0x0001d40e                UIDisplay::okAction(bool)
 .text._ZN9UIDisplay10slowActionEb
                0x0001dc0c      0x362 build\ui.o
                0x0001dc0c                UIDisplay::slowAction(bool)
 .text._ZN9UIDisplay9printRowPEhPKc
                0x0001df6e       0x3a build\ui.o
                0x0001df6e                UIDisplay::printRowP(unsigned char, char const*)
 .text._Z14lcdWriteNibbleh
                0x0001dfa8       0x60 build\ui.o
                0x0001dfa8                lcdWriteNibble(unsigned char)
 .text._Z13initializeLCDv
                0x0001e008      0x120 build\ui.o
                0x0001e008                initializeLCD()
 .text._ZN9UIDisplay10initializeEv
                0x0001e128       0xae build\ui.o
                0x0001e128                UIDisplay::initialize()
 .text.main     0x0001e1d6       0x28 C:\Users\J\Desktop\Repetier_Cosmos_V_1.7\Repetier_Cosmos_V_1.7\build\/core_mega2560_16.a(main.cpp.o)
                0x0001e1d6                main
 .text._ZN5Print5writeEPKhj
                0x0001e1fe       0x58 C:\Users\J\Desktop\Repetier_Cosmos_V_1.7\Repetier_Cosmos_V_1.7\build\/core_mega2560_16.a(Print.cpp.o)
                0x0001e1fe                Print::write(unsigned char const*, unsigned int)
 .text.__vector_23
                0x0001e256       0x90 C:\Users\J\Desktop\Repetier_Cosmos_V_1.7\Repetier_Cosmos_V_1.7\build\/core_mega2560_16.a(wiring.c.o)
                0x0001e256                __vector_23
 .text.millis   0x0001e2e6       0x1c C:\Users\J\Desktop\Repetier_Cosmos_V_1.7\Repetier_Cosmos_V_1.7\build\/core_mega2560_16.a(wiring.c.o)
                0x0001e2e6                millis
 .text.micros   0x0001e302       0x4e C:\Users\J\Desktop\Repetier_Cosmos_V_1.7\Repetier_Cosmos_V_1.7\build\/core_mega2560_16.a(wiring.c.o)
                0x0001e302                micros
 .text.delay    0x0001e350       0x56 C:\Users\J\Desktop\Repetier_Cosmos_V_1.7\Repetier_Cosmos_V_1.7\build\/core_mega2560_16.a(wiring.c.o)
                0x0001e350                delay
 .text.delayMicroseconds
                0x0001e3a6       0x14 C:\Users\J\Desktop\Repetier_Cosmos_V_1.7\Repetier_Cosmos_V_1.7\build\/core_mega2560_16.a(wiring.c.o)
                0x0001e3a6                delayMicroseconds
 .text.init     0x0001e3ba       0xc4 C:\Users\J\Desktop\Repetier_Cosmos_V_1.7\Repetier_Cosmos_V_1.7\build\/core_mega2560_16.a(wiring.c.o)
                0x0001e3ba                init
 .text.analogWrite
                0x0001e47e      0x1be C:\Users\J\Desktop\Repetier_Cosmos_V_1.7\Repetier_Cosmos_V_1.7\build\/core_mega2560_16.a(wiring_analog.c.o)
                0x0001e47e                analogWrite
 .text.pinMode  0x0001e63c       0x86 C:\Users\J\Desktop\Repetier_Cosmos_V_1.7\Repetier_Cosmos_V_1.7\build\/core_mega2560_16.a(wiring_digital.c.o)
                0x0001e63c                pinMode
 .text.turnOffPWM
                0x0001e6c2       0xfe C:\Users\J\Desktop\Repetier_Cosmos_V_1.7\Repetier_Cosmos_V_1.7\build\/core_mega2560_16.a(wiring_digital.c.o)
 .text.digitalWrite
                0x0001e7c0       0x6c C:\Users\J\Desktop\Repetier_Cosmos_V_1.7\Repetier_Cosmos_V_1.7\build\/core_mega2560_16.a(wiring_digital.c.o)
                0x0001e7c0                digitalWrite
 .text.digitalRead
                0x0001e82c       0x70 C:\Users\J\Desktop\Repetier_Cosmos_V_1.7\Repetier_Cosmos_V_1.7\build\/core_mega2560_16.a(wiring_digital.c.o)
                0x0001e82c                digitalRead
 .text.fplib    0x0001e89c        0xa c:/users/j/desktop/codeblocks-arduino-20140626/codeblocks/bin/../lib/gcc/avr/4.3.3/../../../../avr/lib/avr6\libm.a(addsf3.o)
                0x0001e89c                __subsf3
                0x0001e89e                __addsf3
 .text.fplib    0x0001e8a6       0xc0 c:/users/j/desktop/codeblocks-arduino-20140626/codeblocks/bin/../lib/gcc/avr/4.3.3/../../../../avr/lib/avr6\libm.a(addsf3x.o)
                0x0001e8c0                __addsf3x
 .text.fplib    0x0001e966       0x74 c:/users/j/desktop/codeblocks-arduino-20140626/codeblocks/bin/../lib/gcc/avr/4.3.3/../../../../avr/lib/avr6\libm.a(atan2.o)
                0x0001e984                atan2
 .text.fplib    0x0001e9da       0x50 c:/users/j/desktop/codeblocks-arduino-20140626/codeblocks/bin/../lib/gcc/avr/4.3.3/../../../../avr/lib/avr6\libm.a(atan.o)
                0x0001e9da                atan
 .text.fplib    0x0001ea2a        0x8 c:/users/j/desktop/codeblocks-arduino-20140626/codeblocks/bin/../lib/gcc/avr/4.3.3/../../../../avr/lib/avr6\libm.a(cmpsf2.o)
                0x0001ea2a                __lesf2
                0x0001ea2a                __nesf2
                0x0001ea2a                __eqsf2
                0x0001ea2a                __cmpsf2
                0x0001ea2a                __ltsf2
 .text.fplib    0x0001ea32        0x6 c:/users/j/desktop/codeblocks-arduino-20140626/codeblocks/bin/../lib/gcc/avr/4.3.3/../../../../avr/lib/avr6\libm.a(cos.o)
                0x0001ea32                cos
 .text.fplib    0x0001ea38        0x4 c:/users/j/desktop/codeblocks-arduino-20140626/codeblocks/bin/../lib/gcc/avr/4.3.3/../../../../avr/lib/avr6\libm.a(divsf3.o)
                0x0001ea38                __divsf3
 .text.fplib    0x0001ea3c       0xcc c:/users/j/desktop/codeblocks-arduino-20140626/codeblocks/bin/../lib/gcc/avr/4.3.3/../../../../avr/lib/avr6\libm.a(divsf3x.o)
                0x0001ea52                __divsf3x
                0x0001ea56                __divsf3_pse
 .text.fplib    0x0001eb08        0xa c:/users/j/desktop/codeblocks-arduino-20140626/codeblocks/bin/../lib/gcc/avr/4.3.3/../../../../avr/lib/avr6\libm.a(fixsfsi.o)
                0x0001eb08                __fixsfsi
 .text.fplib    0x0001eb12       0x58 c:/users/j/desktop/codeblocks-arduino-20140626/codeblocks/bin/../lib/gcc/avr/4.3.3/../../../../avr/lib/avr6\libm.a(fixunssfsi.o)
                0x0001eb12                __fixunssfsi
 .text.fplib    0x0001eb6a       0x7a c:/users/j/desktop/codeblocks-arduino-20140626/codeblocks/bin/../lib/gcc/avr/4.3.3/../../../../avr/lib/avr6\libm.a(floatsisf.o)
                0x0001eb6e                __floatsisf
                0x0001eb6a                __floatunsisf
 .text.fplib    0x0001ebe4       0x26 c:/users/j/desktop/codeblocks-arduino-20140626/codeblocks/bin/../lib/gcc/avr/4.3.3/../../../../avr/lib/avr6\libm.a(floor.o)
                0x0001ebe4                floor
 .text.fplib    0x0001ec0a       0x48 c:/users/j/desktop/codeblocks-arduino-20140626/codeblocks/bin/../lib/gcc/avr/4.3.3/../../../../avr/lib/avr6\libm.a(fp_cmp.o)
                0x0001ec0a                __fp_cmp
 .text.fplib    0x0001ec52        0xc c:/users/j/desktop/codeblocks-arduino-20140626/codeblocks/bin/../lib/gcc/avr/4.3.3/../../../../avr/lib/avr6\libm.a(fp_inf.o)
                0x0001ec52                __fp_inf
 .text.fplib    0x0001ec5e       0x36 c:/users/j/desktop/codeblocks-arduino-20140626/codeblocks/bin/../lib/gcc/avr/4.3.3/../../../../avr/lib/avr6\libm.a(fp_mintl.o)
                0x0001ec5e                __fp_mintl
 .text.fplib    0x0001ec94       0x20 c:/users/j/desktop/codeblocks-arduino-20140626/codeblocks/bin/../lib/gcc/avr/4.3.3/../../../../avr/lib/avr6\libm.a(fp_mpack.o)
                0x0001ec94                __fp_mpack
 .text.fplib    0x0001ecb4        0x6 c:/users/j/desktop/codeblocks-arduino-20140626/codeblocks/bin/../lib/gcc/avr/4.3.3/../../../../avr/lib/avr6\libm.a(fp_nan.o)
                0x0001ecb4                __fp_nan
 .text.fplib    0x0001ecba       0x4a c:/users/j/desktop/codeblocks-arduino-20140626/codeblocks/bin/../lib/gcc/avr/4.3.3/../../../../avr/lib/avr6\libm.a(fp_powser.o)
                0x0001ecba                __fp_powser
 .text.fplib    0x0001ed04        0xe c:/users/j/desktop/codeblocks-arduino-20140626/codeblocks/bin/../lib/gcc/avr/4.3.3/../../../../avr/lib/avr6\libm.a(fp_pscA.o)
                0x0001ed04                __fp_pscA
 .text.fplib    0x0001ed12        0xe c:/users/j/desktop/codeblocks-arduino-20140626/codeblocks/bin/../lib/gcc/avr/4.3.3/../../../../avr/lib/avr6\libm.a(fp_pscB.o)
                0x0001ed12                __fp_pscB
 .text.fplib    0x0001ed20       0x62 c:/users/j/desktop/codeblocks-arduino-20140626/codeblocks/bin/../lib/gcc/avr/4.3.3/../../../../avr/lib/avr6\libm.a(fp_rempio2.o)
                0x0001ed22                __fp_rempio2
 .text.fplib    0x0001ed82       0x22 c:/users/j/desktop/codeblocks-arduino-20140626/codeblocks/bin/../lib/gcc/avr/4.3.3/../../../../avr/lib/avr6\libm.a(fp_round.o)
                0x0001ed82                __fp_round
 .text.fplib    0x0001eda4       0x22 c:/users/j/desktop/codeblocks-arduino-20140626/codeblocks/bin/../lib/gcc/avr/4.3.3/../../../../avr/lib/avr6\libm.a(fp_sinus.o)
                0x0001eda4                __fp_sinus
 .text.fplib    0x0001edc6       0x44 c:/users/j/desktop/codeblocks-arduino-20140626/codeblocks/bin/../lib/gcc/avr/4.3.3/../../../../avr/lib/avr6\libm.a(fp_split3.o)
                0x0001edc6                __fp_split3
                0x0001edd6                __fp_splitA
 .text.fplib    0x0001ee0a       0x2e c:/users/j/desktop/codeblocks-arduino-20140626/codeblocks/bin/../lib/gcc/avr/4.3.3/../../../../avr/lib/avr6\libm.a(fp_trunc.o)
                0x0001ee0a                __fp_trunc
 .text.fplib    0x0001ee38        0xe c:/users/j/desktop/codeblocks-arduino-20140626/codeblocks/bin/../lib/gcc/avr/4.3.3/../../../../avr/lib/avr6\libm.a(fp_zero.o)
                0x0001ee38                __fp_zero
                0x0001ee3a                __fp_szero
 .text.fplib    0x0001ee46        0x8 c:/users/j/desktop/codeblocks-arduino-20140626/codeblocks/bin/../lib/gcc/avr/4.3.3/../../../../avr/lib/avr6\libm.a(gesf2.o)
                0x0001ee46                __gtsf2
                0x0001ee46                __gesf2
 .text.fplib    0x0001ee4e       0xc2 c:/users/j/desktop/codeblocks-arduino-20140626/codeblocks/bin/../lib/gcc/avr/4.3.3/../../../../avr/lib/avr6\libm.a(hypot.o)
                0x0001ee60                hypot
 .text.fplib    0x0001ef10        0xe c:/users/j/desktop/codeblocks-arduino-20140626/codeblocks/bin/../lib/gcc/avr/4.3.3/../../../../avr/lib/avr6\libm.a(inverse.o)
                0x0001ef10                inverse
 .text.fplib    0x0001ef1e       0x6c c:/users/j/desktop/codeblocks-arduino-20140626/codeblocks/bin/../lib/gcc/avr/4.3.3/../../../../avr/lib/avr6\libm.a(ldexp.o)
                0x0001ef22                ldexp
 .text.fplib    0x0001ef8a        0x4 c:/users/j/desktop/codeblocks-arduino-20140626/codeblocks/bin/../lib/gcc/avr/4.3.3/../../../../avr/lib/avr6\libm.a(mulsf3.o)
                0x0001ef8a                __mulsf3
 .text.fplib    0x0001ef8e       0xc2 c:/users/j/desktop/codeblocks-arduino-20140626/codeblocks/bin/../lib/gcc/avr/4.3.3/../../../../avr/lib/avr6\libm.a(mulsf3x.o)
                0x0001efa6                __mulsf3_pse
                0x0001efa2                __mulsf3x
 .text.fplib    0x0001f050        0xc c:/users/j/desktop/codeblocks-arduino-20140626/codeblocks/bin/../lib/gcc/avr/4.3.3/../../../../avr/lib/avr6\libm.a(sin.o)
                0x0001f050                sin
 .text.fplib    0x0001f05c       0x9c c:/users/j/desktop/codeblocks-arduino-20140626/codeblocks/bin/../lib/gcc/avr/4.3.3/../../../../avr/lib/avr6\libm.a(sqrt.o)
                0x0001f064                sqrt
 .text.fplib    0x0001f0f8        0x6 c:/users/j/desktop/codeblocks-arduino-20140626/codeblocks/bin/../lib/gcc/avr/4.3.3/../../../../avr/lib/avr6\libm.a(square.o)
                0x0001f0f8                square
 .text.fplib    0x0001f0fe        0x8 c:/users/j/desktop/codeblocks-arduino-20140626/codeblocks/bin/../lib/gcc/avr/4.3.3/../../../../avr/lib/avr6\libm.a(unordsf2.o)
                0x0001f0fe                __unordsf2
 .text.fplib    0x0001f106        0xe c:/users/j/desktop/codeblocks-arduino-20140626/codeblocks/bin/../lib/gcc/avr/4.3.3/../../../../avr/lib/avr6\libm.a(fp_norm2.o)
                0x0001f106                __fp_norm2
 .text.fplib    0x0001f114       0x22 c:/users/j/desktop/codeblocks-arduino-20140626/codeblocks/bin/../lib/gcc/avr/4.3.3/../../../../avr/lib/avr6\libm.a(fp_powsodd.o)
                0x0001f114                __fp_powsodd
 .text.libgcc   0x0001f136       0x3e c:/users/j/desktop/codeblocks-arduino-20140626/codeblocks/bin/../lib/gcc/avr/4.3.3/avr6\libgcc.a(_mulsi3.o)
                0x0001f136                __mulsi3
 .text.libgcc   0x0001f174       0x1a c:/users/j/desktop/codeblocks-arduino-20140626/codeblocks/bin/../lib/gcc/avr/4.3.3/avr6\libgcc.a(_divmodqi4.o)
                0x0001f174                __divmodqi4
 .text.libgcc   0x0001f18e       0x28 c:/users/j/desktop/codeblocks-arduino-20140626/codeblocks/bin/../lib/gcc/avr/4.3.3/avr6\libgcc.a(_udivmodhi4.o)
                0x0001f18e                __udivmodhi4
 .text.libgcc   0x0001f1b6       0x26 c:/users/j/desktop/codeblocks-arduino-20140626/codeblocks/bin/../lib/gcc/avr/4.3.3/avr6\libgcc.a(_divmodhi4.o)
                0x0001f1b6                __divmodhi4
                0x0001f1b6                _div
 .text.libgcc   0x0001f1dc       0x44 c:/users/j/desktop/codeblocks-arduino-20140626/codeblocks/bin/../lib/gcc/avr/4.3.3/avr6\libgcc.a(_udivmodsi4.o)
                0x0001f1dc                __udivmodsi4
 .text.libgcc   0x0001f220       0x36 c:/users/j/desktop/codeblocks-arduino-20140626/codeblocks/bin/../lib/gcc/avr/4.3.3/avr6\libgcc.a(_divmodsi4.o)
                0x0001f220                __divmodsi4
 .text.libgcc   0x0001f256       0x18 c:/users/j/desktop/codeblocks-arduino-20140626/codeblocks/bin/../lib/gcc/avr/4.3.3/avr6\libgcc.a(_udivmodqi4.o)
                0x0001f256                __udivmodqi4
 .text.libgcc   0x0001f26e        0xc c:/users/j/desktop/codeblocks-arduino-20140626/codeblocks/bin/../lib/gcc/avr/4.3.3/avr6\libgcc.a(_tablejump.o)
                0x0001f272                __tablejump__
                0x0001f26e                __tablejump2__
 .text.ctype    0x0001f27a       0x10 c:/users/j/desktop/codeblocks-arduino-20140626/codeblocks/bin/../lib/gcc/avr/4.3.3/../../../../avr/lib/avr6\libc.a(isspace.o)
                0x0001f27a                isspace
 .text.ctype    0x0001f28a       0x10 c:/users/j/desktop/codeblocks-arduino-20140626/codeblocks/bin/../lib/gcc/avr/4.3.3/../../../../avr/lib/avr6\libc.a(tolower.o)
                0x0001f28a                tolower
 .text.ctype    0x0001f29a        0x6 c:/users/j/desktop/codeblocks-arduino-20140626/codeblocks/bin/../lib/gcc/avr/4.3.3/../../../../avr/lib/avr6\libc.a(cty_isfalse.o)
                0x0001f29e                __ctype_istrue
                0x0001f29a                __ctype_isfalse
 .text.libgcc   0x0001f2a0       0x38 c:/users/j/desktop/codeblocks-arduino-20140626/codeblocks/bin/../lib/gcc/avr/4.3.3/avr6\libgcc.a(_prologue.o)
                0x0001f2a0                __prologue_saves__
 .text.libgcc   0x0001f2d8       0x36 c:/users/j/desktop/codeblocks-arduino-20140626/codeblocks/bin/../lib/gcc/avr/4.3.3/avr6\libgcc.a(_epilogue.o)
                0x0001f2d8                __epilogue_restores__
                0x0001f30e                . = ALIGN (0x2)
 *(.fini9)
 .fini9         0x0001f30e        0x0 c:/users/j/desktop/codeblocks-arduino-20140626/codeblocks/bin/../lib/gcc/avr/4.3.3/avr6\libgcc.a(_exit.o)
                0x0001f30e                exit
                0x0001f30e                _exit
 *(.fini9)
 *(.fini8)
 *(.fini8)
 *(.fini7)
 *(.fini7)
 *(.fini6)
 *(.fini6)
 *(.fini5)
 *(.fini5)
 *(.fini4)
 *(.fini4)
 *(.fini3)
 *(.fini3)
 *(.fini2)
 *(.fini2)
 *(.fini1)
 *(.fini1)
 *(.fini0)
 .fini0         0x0001f30e        0x4 c:/users/j/desktop/codeblocks-arduino-20140626/codeblocks/bin/../lib/gcc/avr/4.3.3/avr6\libgcc.a(_exit.o)
 *(.fini0)
                0x0001f312                _etext = .

.data           0x00800200      0x15e load address 0x0001f312
                0x00800200                PROVIDE (__data_start, .)
 *(.data)
 .data          0x00800200        0x7 build\SDCard.o
 .data          0x00800207        0x6 build\SdFat.o
 .data          0x0080020d        0x6 c:/users/j/desktop/codeblocks-arduino-20140626/codeblocks/bin/../lib/gcc/avr/4.3.3/../../../../avr/lib/avr6\libc.a(malloc.o)
                0x0080020f                __malloc_heap_start
                0x00800211                __malloc_heap_end
                0x0080020d                __malloc_margin
 *(.data*)
 .data._ZN8Commands14lowestRAMValueE
                0x00800213        0x2 build\Commands.o
                0x00800213                Commands::lowestRAMValue
 .data._ZN8Commands18lowestRAMValueSendE
                0x00800215        0x2 build\Commands.o
                0x00800215                Commands::lowestRAMValueSend
 .data.counter250ms
                0x00800217        0x1 build\Extruder.o
                0x00800217                counter250ms
 .data.autotuneIndex
                0x00800218        0x1 build\Extruder.o
                0x00800218                autotuneIndex
 .data.extruder
                0x00800219       0x81 build\Extruder.o
                0x00800219                extruder
 .data.heatedBedController
                0x0080029a       0x4d build\Extruder.o
                0x0080029a                heatedBedController
 .data.tempController
                0x008002e7        0x4 build\Extruder.o
                0x008002e7                tempController
 .data._ZN5GCode16waitingForResendE
                0x008002eb        0x1 build\gcode.o
                0x008002eb                GCode::waitingForResend
 .data.stepperInactiveTime
                0x008002ec        0x4 build\motion.o
                0x008002ec                stepperInactiveTime
 .data.baudrate
                0x008002f0        0x4 build\motion.o
                0x008002f0                baudrate
 .data.lastblk  0x008002f4        0x2 build\motion.o
                0x008002f4                lastblk
 .data._ZN7Printer14axisStepsPerMME
                0x008002f6       0x10 build\Printer.o
                0x008002f6                Printer::axisStepsPerMM
 .data._ZN7Printer11maxFeedrateE
                0x00800306       0x10 build\Printer.o
                0x00800306                Printer::maxFeedrate
 .data._ZN7Printer14homingFeedrateE
                0x00800316        0xc build\Printer.o
                0x00800316                Printer::homingFeedrate
 .data._ZN7Printer32maxAccelerationMMPerSquareSecondE
                0x00800322       0x10 build\Printer.o
                0x00800322                Printer::maxAccelerationMMPerSquareSecond
 .data._ZN7Printer38maxTravelAccelerationMMPerSquareSecondE
                0x00800332       0x10 build\Printer.o
                0x00800332                Printer::maxTravelAccelerationMMPerSquareSecond
 .data._ZN7Printer10debugLevelE
                0x00800342        0x1 build\Printer.o
                0x00800342                Printer::debugLevel
 .data._ZN7Printer17stepsPerTimerCallE
                0x00800343        0x1 build\Printer.o
                0x00800343                Printer::stepsPerTimerCall
 .data._ZN7Printer15extrusionFactorE
                0x00800344        0x4 build\Printer.o
                0x00800344                Printer::extrusionFactor
 .data._ZN7Printer7memoryFE
                0x00800348        0x4 build\Printer.o
                0x00800348                Printer::memoryF
 .data._ZZN9UIDisplay13executeActionEibE12lastFanSpeed
                0x0080034c        0x1 build\ui.o
 *(.rodata)
 *(.rodata*)
 .rodata._ZTV16RFHardwareSerial
                0x0080034d       0x10 build\HAL.o
                0x0080034d                vtable for RFHardwareSerial
 *(.gnu.linkonce.d*)
                0x0080035e                . = ALIGN (0x2)
 *fill*         0x0080035d        0x1 00
                0x0080035e                _edata = .
                0x0080035e                PROVIDE (__data_end, .)

.bss            0x0080035e      0xe6a
                0x0080035e                PROVIDE (__bss_start, .)
 *(.bss)
 *(.bss*)
 .bss.fanKickstart
                0x0080035e        0x1 build\Commands.o
                0x0080035e                fanKickstart
 .bss.manageMonitor
                0x0080035f        0x1 build\Extruder.o
                0x0080035f                manageMonitor
 .bss.counterPeriodical
                0x00800360        0x2 build\Extruder.o
                0x00800360                counterPeriodical
 .bss.executePeriodical
                0x00800362        0x1 build\Extruder.o
                0x00800362                executePeriodical
 .bss.osAnalogInputValues
                0x00800363        0x4 build\Extruder.o
                0x00800363                osAnalogInputValues
 .bss._ZN8Extruder7currentE
                0x00800367        0x2 build\Extruder.o
                0x00800367                Extruder::current
 .bss._ZL18extruderTempErrors
                0x00800369        0x1 build\Extruder.o
 .bss._ZN5GCode16commandsBufferedE
                0x0080036a       0x56 build\gcode.o
                0x0080036a                GCode::commandsBuffered
 .bss._ZN5GCode15bufferReadIndexE
                0x008003c0        0x1 build\gcode.o
                0x008003c0                GCode::bufferReadIndex
 .bss._ZN5GCode16bufferWriteIndexE
                0x008003c1        0x1 build\gcode.o
                0x008003c1                GCode::bufferWriteIndex
 .bss._ZN5GCode16commandReceivingE
                0x008003c2       0x60 build\gcode.o
                0x008003c2                GCode::commandReceiving
 .bss._ZN5GCode30commandsReceivingWritePositionE
                0x00800422        0x1 build\gcode.o
                0x00800422                GCode::commandsReceivingWritePosition
 .bss._ZN5GCode12sendAsBinaryE
                0x00800423        0x1 build\gcode.o
                0x00800423                GCode::sendAsBinary
 .bss._ZN5GCode30wasLastCommandReceivedAsBinaryE
                0x00800424        0x1 build\gcode.o
                0x00800424                GCode::wasLastCommandReceivedAsBinary
 .bss._ZN5GCode15commentDetectedE
                0x00800425        0x1 build\gcode.o
                0x00800425                GCode::commentDetected
 .bss._ZN5GCode17binaryCommandSizeE
                0x00800426        0x1 build\gcode.o
                0x00800426                GCode::binaryCommandSize
 .bss._ZN5GCode29waitUntilAllCommandsAreParsedE
                0x00800427        0x1 build\gcode.o
                0x00800427                GCode::waitUntilAllCommandsAreParsed
 .bss._ZN5GCode14lastLineNumberE
                0x00800428        0x4 build\gcode.o
                0x00800428                GCode::lastLineNumber
 .bss._ZN5GCode13actLineNumberE
                0x0080042c        0x4 build\gcode.o
                0x0080042c                GCode::actLineNumber
 .bss._ZN5GCode12bufferLengthE
                0x00800430        0x1 build\gcode.o
                0x00800430                GCode::bufferLength
 .bss._ZN5GCode20timeOfLastDataPacketE
                0x00800431        0x4 build\gcode.o
                0x00800431                GCode::timeOfLastDataPacket
 .bss._ZN5GCode12formatErrorsE
                0x00800435        0x1 build\gcode.o
                0x00800435                GCode::formatErrors
 .bss.osAnalogInputCounter
                0x00800436        0x2 build\HAL.o
                0x00800436                osAnalogInputCounter
 .bss.osAnalogInputBuildup
                0x00800438        0x4 build\HAL.o
                0x00800438                osAnalogInputBuildup
 .bss.osAnalogInputPos
                0x0080043c        0x1 build\HAL.o
                0x0080043c                osAnalogInputPos
 .bss.resetFunc
                0x0080043d        0x2 build\HAL.o
                0x0080043d                resetFunc